2024-12-09 02:03:45,250 - root - INFO - Namespace(seed=2019, data_name='KGAT_data', data_dir='./', use_pretrain=0, pretrain_embedding_dir='datasets/pretrain/', pretrain_model_path='trained_model/model.pth', cf_batch_size=1024, kg_batch_size=2048, test_batch_size=256, embed_dim=64, relation_dim=64, laplacian_type='random-walk', aggregation_type='bi-interaction', conv_dim_list='[64, 32, 16]', mess_dropout='[0.1, 0.1, 0.1]', kg_l2loss_lambda=1e-05, cf_l2loss_lambda=1e-05, lr=0.0001, n_epoch=50, stopping_steps=5, cf_print_every=500, kg_print_every=500, evaluate_every=5, Ks='[1, 5, 10]', predict_embed=0, save_dir='trained_model/KGAT/KGAT_data/embed-dim64_relation-dim64_random-walk_bi-interaction_64-32-16_lr0.0001_pretrain0/')
2024-12-09 02:04:26,175 - root - INFO - n_users:           8273
2024-12-09 02:04:26,176 - root - INFO - n_items:           421
2024-12-09 02:04:26,176 - root - INFO - n_entities:        421
2024-12-09 02:04:26,177 - root - INFO - n_users_entities:  8694
2024-12-09 02:04:26,177 - root - INFO - n_relations:       218
2024-12-09 02:04:26,177 - root - INFO - n_h_list:          693514
2024-12-09 02:04:26,178 - root - INFO - n_t_list:          693514
2024-12-09 02:04:26,178 - root - INFO - n_r_list:          693514
2024-12-09 02:04:26,178 - root - INFO - n_cf_train:        321407
2024-12-09 02:04:26,178 - root - INFO - n_cf_test:         8273
2024-12-09 02:04:26,179 - root - INFO - n_kg_train:        693514
2024-12-09 02:04:27,206 - root - INFO - KGAT(
  (entity_user_embed): Embedding(8694, 64)
  (relation_embed): Embedding(218, 64)
  (aggregator_layers): ModuleList(
    (0): Aggregator(
      (message_dropout): Dropout(p=0.1, inplace=False)
      (activation): LeakyReLU(negative_slope=0.01)
      (linear1): Linear(in_features=64, out_features=64, bias=True)
      (linear2): Linear(in_features=64, out_features=64, bias=True)
    )
    (1): Aggregator(
      (message_dropout): Dropout(p=0.1, inplace=False)
      (activation): LeakyReLU(negative_slope=0.01)
      (linear1): Linear(in_features=64, out_features=32, bias=True)
      (linear2): Linear(in_features=64, out_features=32, bias=True)
    )
    (2): Aggregator(
      (message_dropout): Dropout(p=0.1, inplace=False)
      (activation): LeakyReLU(negative_slope=0.01)
      (linear1): Linear(in_features=32, out_features=16, bias=True)
      (linear2): Linear(in_features=32, out_features=16, bias=True)
    )
  )
)
2024-12-09 02:06:17,613 - root - INFO - CF Training: Epoch 0001 Total Iter 0314 | Total Time 106.3s | Iter Mean Loss 0.6373
2024-12-09 02:07:49,670 - root - INFO - KG Training: Epoch 0001 Total Iter 0339 | Total Time 92.1s | Iter Mean Loss 0.5054
2024-12-09 02:07:51,696 - root - INFO - Update Attention: Epoch 0001 | Total Time 2.0s
2024-12-09 02:07:51,697 - root - INFO - CF + KG Training: Epoch 0001 | Total Time 200.3s
2024-12-09 02:09:36,694 - root - INFO - CF Training: Epoch 0002 Total Iter 0314 | Total Time 105.0s | Iter Mean Loss 0.5963
2024-12-09 02:10:39,485 - root - INFO - KG Training: Epoch 0002 Total Iter 0339 | Total Time 62.8s | Iter Mean Loss 0.2348
2024-12-09 02:10:41,498 - root - INFO - Update Attention: Epoch 0002 | Total Time 2.0s
2024-12-09 02:10:41,498 - root - INFO - CF + KG Training: Epoch 0002 | Total Time 169.8s
2024-12-09 02:12:41,405 - root - INFO - CF Training: Epoch 0003 Total Iter 0314 | Total Time 119.9s | Iter Mean Loss 0.3847
2024-12-09 02:13:44,444 - root - INFO - KG Training: Epoch 0003 Total Iter 0339 | Total Time 63.0s | Iter Mean Loss 0.1410
2024-12-09 02:13:45,803 - root - INFO - Update Attention: Epoch 0003 | Total Time 1.4s
2024-12-09 02:13:45,803 - root - INFO - CF + KG Training: Epoch 0003 | Total Time 184.3s
2024-12-09 02:16:22,329 - root - INFO - CF Training: Epoch 0004 Total Iter 0314 | Total Time 156.5s | Iter Mean Loss 0.3425
2024-12-09 02:17:25,827 - root - INFO - KG Training: Epoch 0004 Total Iter 0339 | Total Time 63.5s | Iter Mean Loss 0.0962
2024-12-09 02:17:27,904 - root - INFO - Update Attention: Epoch 0004 | Total Time 2.1s
2024-12-09 02:17:27,905 - root - INFO - CF + KG Training: Epoch 0004 | Total Time 222.1s
2024-12-09 02:19:56,776 - root - INFO - CF Training: Epoch 0005 Total Iter 0314 | Total Time 148.9s | Iter Mean Loss 0.3241
2024-12-09 02:20:57,336 - root - INFO - KG Training: Epoch 0005 Total Iter 0339 | Total Time 60.6s | Iter Mean Loss 0.0727
2024-12-09 02:20:58,598 - root - INFO - Update Attention: Epoch 0005 | Total Time 1.3s
2024-12-09 02:20:58,598 - root - INFO - CF + KG Training: Epoch 0005 | Total Time 210.7s
2024-12-09 02:21:06,875 - root - INFO - CF Evaluation: Epoch 0005 | Total Time 8.3s | Precision [0.0699, 0.0246], Recall [0.0699, 0.2465], NDCG [0.0699, 0.1435]
2024-12-09 02:21:06,951 - root - INFO - Save model on epoch 0005!
2024-12-09 02:25:08,816 - root - INFO - CF Training: Epoch 0006 Total Iter 0314 | Total Time 241.9s | Iter Mean Loss 0.3133
2024-12-09 02:26:13,513 - root - INFO - KG Training: Epoch 0006 Total Iter 0339 | Total Time 64.7s | Iter Mean Loss 0.0580
2024-12-09 02:26:14,880 - root - INFO - Update Attention: Epoch 0006 | Total Time 1.4s
2024-12-09 02:26:14,880 - root - INFO - CF + KG Training: Epoch 0006 | Total Time 307.9s
2024-12-09 02:30:07,484 - root - INFO - CF Training: Epoch 0007 Total Iter 0314 | Total Time 232.6s | Iter Mean Loss 0.3022
2024-12-09 02:31:10,735 - root - INFO - KG Training: Epoch 0007 Total Iter 0339 | Total Time 63.2s | Iter Mean Loss 0.0480
2024-12-09 02:31:12,753 - root - INFO - Update Attention: Epoch 0007 | Total Time 2.0s
2024-12-09 02:31:12,753 - root - INFO - CF + KG Training: Epoch 0007 | Total Time 297.9s
2024-12-09 02:33:41,480 - root - INFO - CF Training: Epoch 0008 Total Iter 0314 | Total Time 148.7s | Iter Mean Loss 0.2959
2024-12-09 02:34:44,123 - root - INFO - KG Training: Epoch 0008 Total Iter 0339 | Total Time 62.6s | Iter Mean Loss 0.0405
2024-12-09 02:34:45,483 - root - INFO - Update Attention: Epoch 0008 | Total Time 1.4s
2024-12-09 02:34:45,484 - root - INFO - CF + KG Training: Epoch 0008 | Total Time 212.7s
2024-12-09 02:37:11,942 - root - INFO - CF Training: Epoch 0009 Total Iter 0314 | Total Time 146.5s | Iter Mean Loss 0.2894
2024-12-09 02:38:17,406 - root - INFO - KG Training: Epoch 0009 Total Iter 0339 | Total Time 65.5s | Iter Mean Loss 0.0346
2024-12-09 02:38:18,760 - root - INFO - Update Attention: Epoch 0009 | Total Time 1.4s
2024-12-09 02:38:18,761 - root - INFO - CF + KG Training: Epoch 0009 | Total Time 213.3s
2024-12-09 02:40:37,596 - root - INFO - CF Training: Epoch 0010 Total Iter 0314 | Total Time 138.8s | Iter Mean Loss 0.2817
2024-12-09 02:41:40,023 - root - INFO - KG Training: Epoch 0010 Total Iter 0339 | Total Time 62.4s | Iter Mean Loss 0.0303
2024-12-09 02:41:41,415 - root - INFO - Update Attention: Epoch 0010 | Total Time 1.4s
2024-12-09 02:41:41,416 - root - INFO - CF + KG Training: Epoch 0010 | Total Time 202.7s
2024-12-09 02:41:48,001 - root - INFO - CF Evaluation: Epoch 0010 | Total Time 6.6s | Precision [0.0764, 0.0271], Recall [0.0764, 0.2712], NDCG [0.0764, 0.1647]
2024-12-09 02:41:48,100 - root - INFO - Save model on epoch 0010!
2024-12-09 02:44:35,014 - root - INFO - CF Training: Epoch 0011 Total Iter 0314 | Total Time 166.9s | Iter Mean Loss 0.2685
2024-12-09 02:45:35,959 - root - INFO - KG Training: Epoch 0011 Total Iter 0339 | Total Time 60.9s | Iter Mean Loss 0.0270
2024-12-09 02:45:37,251 - root - INFO - Update Attention: Epoch 0011 | Total Time 1.3s
2024-12-09 02:45:37,252 - root - INFO - CF + KG Training: Epoch 0011 | Total Time 229.2s
2024-12-09 02:49:05,755 - root - INFO - CF Training: Epoch 0012 Total Iter 0314 | Total Time 208.5s | Iter Mean Loss 0.2536
2024-12-09 02:50:06,457 - root - INFO - KG Training: Epoch 0012 Total Iter 0339 | Total Time 60.7s | Iter Mean Loss 0.0252
2024-12-09 02:50:07,703 - root - INFO - Update Attention: Epoch 0012 | Total Time 1.2s
2024-12-09 02:50:07,704 - root - INFO - CF + KG Training: Epoch 0012 | Total Time 270.5s
2024-12-09 02:53:55,995 - root - INFO - CF Training: Epoch 0013 Total Iter 0314 | Total Time 228.3s | Iter Mean Loss 0.2442
2024-12-09 02:54:56,709 - root - INFO - KG Training: Epoch 0013 Total Iter 0339 | Total Time 60.7s | Iter Mean Loss 0.0235
2024-12-09 02:54:58,013 - root - INFO - Update Attention: Epoch 0013 | Total Time 1.3s
2024-12-09 02:54:58,013 - root - INFO - CF + KG Training: Epoch 0013 | Total Time 290.3s
2024-12-09 02:58:47,909 - root - INFO - CF Training: Epoch 0014 Total Iter 0314 | Total Time 229.9s | Iter Mean Loss 0.2350
2024-12-09 02:59:48,251 - root - INFO - KG Training: Epoch 0014 Total Iter 0339 | Total Time 60.3s | Iter Mean Loss 0.0214
2024-12-09 02:59:50,191 - root - INFO - Update Attention: Epoch 0014 | Total Time 1.9s
2024-12-09 02:59:50,191 - root - INFO - CF + KG Training: Epoch 0014 | Total Time 292.2s
2024-12-09 03:03:42,063 - root - INFO - CF Training: Epoch 0015 Total Iter 0314 | Total Time 231.9s | Iter Mean Loss 0.2286
2024-12-09 03:04:43,235 - root - INFO - KG Training: Epoch 0015 Total Iter 0339 | Total Time 61.2s | Iter Mean Loss 0.0203
2024-12-09 03:04:44,597 - root - INFO - Update Attention: Epoch 0015 | Total Time 1.4s
2024-12-09 03:04:44,597 - root - INFO - CF + KG Training: Epoch 0015 | Total Time 294.4s
2024-12-09 03:04:51,761 - root - INFO - CF Evaluation: Epoch 0015 | Total Time 7.2s | Precision [0.1386, 0.0352], Recall [0.1386, 0.3517], NDCG [0.1386, 0.2314]
2024-12-09 03:04:51,868 - root - INFO - Save model on epoch 0015!
2024-12-09 03:08:39,204 - root - INFO - CF Training: Epoch 0016 Total Iter 0314 | Total Time 227.3s | Iter Mean Loss 0.2249
2024-12-09 03:09:43,535 - root - INFO - KG Training: Epoch 0016 Total Iter 0339 | Total Time 64.3s | Iter Mean Loss 0.0192
2024-12-09 03:09:44,907 - root - INFO - Update Attention: Epoch 0016 | Total Time 1.4s
2024-12-09 03:09:44,908 - root - INFO - CF + KG Training: Epoch 0016 | Total Time 293.0s
2024-12-09 03:12:55,398 - root - INFO - CF Training: Epoch 0017 Total Iter 0314 | Total Time 190.5s | Iter Mean Loss 0.2226
2024-12-09 03:13:57,229 - root - INFO - KG Training: Epoch 0017 Total Iter 0339 | Total Time 61.8s | Iter Mean Loss 0.0182
2024-12-09 03:13:58,587 - root - INFO - Update Attention: Epoch 0017 | Total Time 1.4s
2024-12-09 03:13:58,587 - root - INFO - CF + KG Training: Epoch 0017 | Total Time 253.7s
2024-12-09 03:17:08,392 - root - INFO - CF Training: Epoch 0018 Total Iter 0314 | Total Time 189.8s | Iter Mean Loss 0.2181
2024-12-09 03:18:08,953 - root - INFO - KG Training: Epoch 0018 Total Iter 0339 | Total Time 60.6s | Iter Mean Loss 0.0175
2024-12-09 03:18:10,323 - root - INFO - Update Attention: Epoch 0018 | Total Time 1.4s
2024-12-09 03:18:10,324 - root - INFO - CF + KG Training: Epoch 0018 | Total Time 251.7s
2024-12-09 03:21:14,365 - root - INFO - CF Training: Epoch 0019 Total Iter 0314 | Total Time 184.0s | Iter Mean Loss 0.2128
2024-12-09 03:22:17,444 - root - INFO - KG Training: Epoch 0019 Total Iter 0339 | Total Time 63.1s | Iter Mean Loss 0.0171
2024-12-09 03:22:18,718 - root - INFO - Update Attention: Epoch 0019 | Total Time 1.3s
2024-12-09 03:22:18,718 - root - INFO - CF + KG Training: Epoch 0019 | Total Time 248.4s
2024-12-09 03:25:22,268 - root - INFO - CF Training: Epoch 0020 Total Iter 0314 | Total Time 183.5s | Iter Mean Loss 0.2087
2024-12-09 03:26:26,101 - root - INFO - KG Training: Epoch 0020 Total Iter 0339 | Total Time 63.8s | Iter Mean Loss 0.0164
2024-12-09 03:26:27,489 - root - INFO - Update Attention: Epoch 0020 | Total Time 1.4s
2024-12-09 03:26:27,489 - root - INFO - CF + KG Training: Epoch 0020 | Total Time 248.8s
2024-12-09 03:26:35,721 - root - INFO - CF Evaluation: Epoch 0020 | Total Time 8.2s | Precision [0.1498, 0.0362], Recall [0.1498, 0.3615], NDCG [0.1498, 0.2353]
2024-12-09 03:26:35,790 - root - INFO - Save model on epoch 0020!
2024-12-09 03:29:38,150 - root - INFO - CF Training: Epoch 0021 Total Iter 0314 | Total Time 182.4s | Iter Mean Loss 0.2065
2024-12-09 03:30:39,524 - root - INFO - KG Training: Epoch 0021 Total Iter 0339 | Total Time 61.4s | Iter Mean Loss 0.0159
2024-12-09 03:30:41,498 - root - INFO - Update Attention: Epoch 0021 | Total Time 2.0s
2024-12-09 03:30:41,498 - root - INFO - CF + KG Training: Epoch 0021 | Total Time 245.7s
2024-12-09 03:33:39,254 - root - INFO - CF Training: Epoch 0022 Total Iter 0314 | Total Time 177.8s | Iter Mean Loss 0.2006
2024-12-09 03:34:41,087 - root - INFO - KG Training: Epoch 0022 Total Iter 0339 | Total Time 61.8s | Iter Mean Loss 0.0155
2024-12-09 03:34:42,449 - root - INFO - Update Attention: Epoch 0022 | Total Time 1.4s
2024-12-09 03:34:42,450 - root - INFO - CF + KG Training: Epoch 0022 | Total Time 241.0s
2024-12-09 03:37:27,751 - root - INFO - CF Training: Epoch 0023 Total Iter 0314 | Total Time 165.3s | Iter Mean Loss 0.1974
2024-12-09 03:38:27,449 - root - INFO - KG Training: Epoch 0023 Total Iter 0339 | Total Time 59.7s | Iter Mean Loss 0.0151
2024-12-09 03:38:28,729 - root - INFO - Update Attention: Epoch 0023 | Total Time 1.3s
2024-12-09 03:38:28,730 - root - INFO - CF + KG Training: Epoch 0023 | Total Time 226.3s
2024-12-09 03:41:10,439 - root - INFO - CF Training: Epoch 0024 Total Iter 0314 | Total Time 161.7s | Iter Mean Loss 0.1920
2024-12-09 03:42:10,841 - root - INFO - KG Training: Epoch 0024 Total Iter 0339 | Total Time 60.4s | Iter Mean Loss 0.0147
2024-12-09 03:42:12,593 - root - INFO - Update Attention: Epoch 0024 | Total Time 1.8s
2024-12-09 03:42:12,594 - root - INFO - CF + KG Training: Epoch 0024 | Total Time 223.9s
2024-12-09 03:44:47,795 - root - INFO - CF Training: Epoch 0025 Total Iter 0314 | Total Time 155.2s | Iter Mean Loss 0.1876
2024-12-09 03:45:48,031 - root - INFO - KG Training: Epoch 0025 Total Iter 0339 | Total Time 60.2s | Iter Mean Loss 0.0143
2024-12-09 03:45:49,596 - root - INFO - Update Attention: Epoch 0025 | Total Time 1.6s
2024-12-09 03:45:49,597 - root - INFO - CF + KG Training: Epoch 0025 | Total Time 217.0s
2024-12-09 03:45:57,318 - root - INFO - CF Evaluation: Epoch 0025 | Total Time 7.7s | Precision [0.1428, 0.0448], Recall [0.1428, 0.4480], NDCG [0.1428, 0.2822]
2024-12-09 03:45:57,384 - root - INFO - Save model on epoch 0025!
2024-12-09 03:48:24,631 - root - INFO - CF Training: Epoch 0026 Total Iter 0314 | Total Time 147.2s | Iter Mean Loss 0.1827
2024-12-09 03:49:25,782 - root - INFO - KG Training: Epoch 0026 Total Iter 0339 | Total Time 61.2s | Iter Mean Loss 0.0139
2024-12-09 03:49:27,230 - root - INFO - Update Attention: Epoch 0026 | Total Time 1.4s
2024-12-09 03:49:27,231 - root - INFO - CF + KG Training: Epoch 0026 | Total Time 209.8s
2024-12-09 03:51:52,026 - root - INFO - CF Training: Epoch 0027 Total Iter 0314 | Total Time 144.8s | Iter Mean Loss 0.1795
2024-12-09 03:52:52,754 - root - INFO - KG Training: Epoch 0027 Total Iter 0339 | Total Time 60.7s | Iter Mean Loss 0.0134
2024-12-09 03:52:54,473 - root - INFO - Update Attention: Epoch 0027 | Total Time 1.7s
2024-12-09 03:52:54,474 - root - INFO - CF + KG Training: Epoch 0027 | Total Time 207.2s
2024-12-09 03:55:12,201 - root - INFO - CF Training: Epoch 0028 Total Iter 0314 | Total Time 137.7s | Iter Mean Loss 0.1767
2024-12-09 03:56:13,749 - root - INFO - KG Training: Epoch 0028 Total Iter 0339 | Total Time 61.5s | Iter Mean Loss 0.0129
2024-12-09 03:56:15,779 - root - INFO - Update Attention: Epoch 0028 | Total Time 2.0s
2024-12-09 03:56:15,780 - root - INFO - CF + KG Training: Epoch 0028 | Total Time 201.3s
2024-12-09 03:58:31,236 - root - INFO - CF Training: Epoch 0029 Total Iter 0314 | Total Time 135.5s | Iter Mean Loss 0.1750
2024-12-09 03:59:32,912 - root - INFO - KG Training: Epoch 0029 Total Iter 0339 | Total Time 61.7s | Iter Mean Loss 0.0126
2024-12-09 03:59:34,191 - root - INFO - Update Attention: Epoch 0029 | Total Time 1.3s
2024-12-09 03:59:34,192 - root - INFO - CF + KG Training: Epoch 0029 | Total Time 198.4s
2024-12-09 04:01:42,754 - root - INFO - CF Training: Epoch 0030 Total Iter 0314 | Total Time 128.6s | Iter Mean Loss 0.1709
2024-12-09 04:02:44,097 - root - INFO - KG Training: Epoch 0030 Total Iter 0339 | Total Time 61.3s | Iter Mean Loss 0.0121
2024-12-09 04:02:45,979 - root - INFO - Update Attention: Epoch 0030 | Total Time 1.9s
2024-12-09 04:02:45,979 - root - INFO - CF + KG Training: Epoch 0030 | Total Time 191.8s
2024-12-09 04:02:53,191 - root - INFO - CF Evaluation: Epoch 0030 | Total Time 7.2s | Precision [0.1523, 0.0446], Recall [0.1523, 0.4464], NDCG [0.1523, 0.2886]
2024-12-09 04:04:57,049 - root - INFO - CF Training: Epoch 0031 Total Iter 0314 | Total Time 123.9s | Iter Mean Loss 0.1681
2024-12-09 04:06:01,992 - root - INFO - KG Training: Epoch 0031 Total Iter 0339 | Total Time 64.9s | Iter Mean Loss 0.0116
2024-12-09 04:06:03,364 - root - INFO - Update Attention: Epoch 0031 | Total Time 1.4s
2024-12-09 04:06:03,365 - root - INFO - CF + KG Training: Epoch 0031 | Total Time 190.2s
2024-12-09 04:08:11,836 - root - INFO - CF Training: Epoch 0032 Total Iter 0314 | Total Time 128.5s | Iter Mean Loss 0.1665
2024-12-09 04:09:14,121 - root - INFO - KG Training: Epoch 0032 Total Iter 0339 | Total Time 62.3s | Iter Mean Loss 0.0113
2024-12-09 04:09:15,505 - root - INFO - Update Attention: Epoch 0032 | Total Time 1.4s
2024-12-09 04:09:15,506 - root - INFO - CF + KG Training: Epoch 0032 | Total Time 192.1s
2024-12-09 04:11:23,780 - root - INFO - CF Training: Epoch 0033 Total Iter 0314 | Total Time 128.3s | Iter Mean Loss 0.1646
2024-12-09 04:12:26,650 - root - INFO - KG Training: Epoch 0033 Total Iter 0339 | Total Time 62.9s | Iter Mean Loss 0.0107
2024-12-09 04:12:27,993 - root - INFO - Update Attention: Epoch 0033 | Total Time 1.3s
2024-12-09 04:12:27,994 - root - INFO - CF + KG Training: Epoch 0033 | Total Time 192.5s
2024-12-09 04:14:38,383 - root - INFO - CF Training: Epoch 0034 Total Iter 0314 | Total Time 130.4s | Iter Mean Loss 0.1619
2024-12-09 04:15:41,989 - root - INFO - KG Training: Epoch 0034 Total Iter 0339 | Total Time 63.6s | Iter Mean Loss 0.0102
2024-12-09 04:15:43,833 - root - INFO - Update Attention: Epoch 0034 | Total Time 1.8s
2024-12-09 04:15:43,833 - root - INFO - CF + KG Training: Epoch 0034 | Total Time 195.8s
2024-12-09 04:17:56,234 - root - INFO - CF Training: Epoch 0035 Total Iter 0314 | Total Time 132.4s | Iter Mean Loss 0.1594
2024-12-09 04:18:58,935 - root - INFO - KG Training: Epoch 0035 Total Iter 0339 | Total Time 62.7s | Iter Mean Loss 0.0099
2024-12-09 04:19:00,310 - root - INFO - Update Attention: Epoch 0035 | Total Time 1.4s
2024-12-09 04:19:00,311 - root - INFO - CF + KG Training: Epoch 0035 | Total Time 196.5s
2024-12-09 04:19:08,518 - root - INFO - CF Evaluation: Epoch 0035 | Total Time 8.2s | Precision [0.1667, 0.0458], Recall [0.1667, 0.4580], NDCG [0.1667, 0.3020]
2024-12-09 04:19:08,586 - root - INFO - Save model on epoch 0035!
2024-12-09 04:21:22,012 - root - INFO - CF Training: Epoch 0036 Total Iter 0314 | Total Time 133.4s | Iter Mean Loss 0.1579
2024-12-09 04:22:24,661 - root - INFO - KG Training: Epoch 0036 Total Iter 0339 | Total Time 62.6s | Iter Mean Loss 0.0096
2024-12-09 04:22:26,030 - root - INFO - Update Attention: Epoch 0036 | Total Time 1.4s
2024-12-09 04:22:26,031 - root - INFO - CF + KG Training: Epoch 0036 | Total Time 197.4s
2024-12-09 04:24:34,482 - root - INFO - CF Training: Epoch 0037 Total Iter 0314 | Total Time 128.5s | Iter Mean Loss 0.1569
2024-12-09 04:25:34,810 - root - INFO - KG Training: Epoch 0037 Total Iter 0339 | Total Time 60.3s | Iter Mean Loss 0.0092
2024-12-09 04:25:36,837 - root - INFO - Update Attention: Epoch 0037 | Total Time 2.0s
2024-12-09 04:25:36,838 - root - INFO - CF + KG Training: Epoch 0037 | Total Time 190.8s
2024-12-09 04:27:50,748 - root - INFO - CF Training: Epoch 0038 Total Iter 0314 | Total Time 133.9s | Iter Mean Loss 0.1541
2024-12-09 04:28:55,030 - root - INFO - KG Training: Epoch 0038 Total Iter 0339 | Total Time 64.3s | Iter Mean Loss 0.0088
2024-12-09 04:28:56,458 - root - INFO - Update Attention: Epoch 0038 | Total Time 1.4s
2024-12-09 04:28:56,458 - root - INFO - CF + KG Training: Epoch 0038 | Total Time 199.6s
2024-12-09 04:31:12,754 - root - INFO - CF Training: Epoch 0039 Total Iter 0314 | Total Time 136.3s | Iter Mean Loss 0.1522
2024-12-09 04:32:11,805 - root - INFO - KG Training: Epoch 0039 Total Iter 0339 | Total Time 59.1s | Iter Mean Loss 0.0086
2024-12-09 04:32:13,047 - root - INFO - Update Attention: Epoch 0039 | Total Time 1.2s
2024-12-09 04:32:13,047 - root - INFO - CF + KG Training: Epoch 0039 | Total Time 196.6s
2024-12-09 04:34:23,967 - root - INFO - CF Training: Epoch 0040 Total Iter 0314 | Total Time 130.9s | Iter Mean Loss 0.1498
2024-12-09 04:35:26,371 - root - INFO - KG Training: Epoch 0040 Total Iter 0339 | Total Time 62.4s | Iter Mean Loss 0.0083
2024-12-09 04:35:28,059 - root - INFO - Update Attention: Epoch 0040 | Total Time 1.7s
2024-12-09 04:35:28,060 - root - INFO - CF + KG Training: Epoch 0040 | Total Time 195.0s
2024-12-09 04:35:35,738 - root - INFO - CF Evaluation: Epoch 0040 | Total Time 7.7s | Precision [0.1703, 0.0454], Recall [0.1703, 0.4539], NDCG [0.1703, 0.3035]
2024-12-09 04:37:46,198 - root - INFO - CF Training: Epoch 0041 Total Iter 0314 | Total Time 130.5s | Iter Mean Loss 0.1480
2024-12-09 04:38:45,357 - root - INFO - KG Training: Epoch 0041 Total Iter 0339 | Total Time 59.2s | Iter Mean Loss 0.0079
2024-12-09 04:38:46,652 - root - INFO - Update Attention: Epoch 0041 | Total Time 1.3s
2024-12-09 04:38:46,653 - root - INFO - CF + KG Training: Epoch 0041 | Total Time 190.9s
2024-12-09 04:40:58,107 - root - INFO - CF Training: Epoch 0042 Total Iter 0314 | Total Time 131.5s | Iter Mean Loss 0.1472
2024-12-09 04:41:59,347 - root - INFO - KG Training: Epoch 0042 Total Iter 0339 | Total Time 61.2s | Iter Mean Loss 0.0078
2024-12-09 04:42:01,166 - root - INFO - Update Attention: Epoch 0042 | Total Time 1.8s
2024-12-09 04:42:01,166 - root - INFO - CF + KG Training: Epoch 0042 | Total Time 194.5s
2024-12-09 04:44:11,605 - root - INFO - CF Training: Epoch 0043 Total Iter 0314 | Total Time 130.4s | Iter Mean Loss 0.1452
2024-12-09 04:45:14,712 - root - INFO - KG Training: Epoch 0043 Total Iter 0339 | Total Time 63.1s | Iter Mean Loss 0.0076
2024-12-09 04:45:16,056 - root - INFO - Update Attention: Epoch 0043 | Total Time 1.3s
2024-12-09 04:45:16,057 - root - INFO - CF + KG Training: Epoch 0043 | Total Time 194.9s
2024-12-09 04:47:23,720 - root - INFO - CF Training: Epoch 0044 Total Iter 0314 | Total Time 127.7s | Iter Mean Loss 0.1432
2024-12-09 04:48:22,881 - root - INFO - KG Training: Epoch 0044 Total Iter 0339 | Total Time 59.2s | Iter Mean Loss 0.0074
2024-12-09 04:48:24,155 - root - INFO - Update Attention: Epoch 0044 | Total Time 1.3s
2024-12-09 04:48:24,156 - root - INFO - CF + KG Training: Epoch 0044 | Total Time 188.1s
2024-12-09 04:50:33,550 - root - INFO - CF Training: Epoch 0045 Total Iter 0314 | Total Time 129.4s | Iter Mean Loss 0.1422
2024-12-09 04:51:37,915 - root - INFO - KG Training: Epoch 0045 Total Iter 0339 | Total Time 64.4s | Iter Mean Loss 0.0073
2024-12-09 04:51:39,279 - root - INFO - Update Attention: Epoch 0045 | Total Time 1.4s
2024-12-09 04:51:39,279 - root - INFO - CF + KG Training: Epoch 0045 | Total Time 195.1s
2024-12-09 04:51:45,603 - root - INFO - CF Evaluation: Epoch 0045 | Total Time 6.3s | Precision [0.1876, 0.0400], Recall [0.1876, 0.4002], NDCG [0.1876, 0.2899]
2024-12-09 04:53:54,561 - root - INFO - CF Training: Epoch 0046 Total Iter 0314 | Total Time 129.0s | Iter Mean Loss 0.1412
2024-12-09 04:54:56,058 - root - INFO - KG Training: Epoch 0046 Total Iter 0339 | Total Time 61.5s | Iter Mean Loss 0.0070
2024-12-09 04:54:57,965 - root - INFO - Update Attention: Epoch 0046 | Total Time 1.9s
2024-12-09 04:54:57,966 - root - INFO - CF + KG Training: Epoch 0046 | Total Time 192.4s
2024-12-09 04:57:07,827 - root - INFO - CF Training: Epoch 0047 Total Iter 0314 | Total Time 129.9s | Iter Mean Loss 0.1388
2024-12-09 04:58:08,647 - root - INFO - KG Training: Epoch 0047 Total Iter 0339 | Total Time 60.8s | Iter Mean Loss 0.0068
2024-12-09 04:58:10,095 - root - INFO - Update Attention: Epoch 0047 | Total Time 1.4s
2024-12-09 04:58:10,095 - root - INFO - CF + KG Training: Epoch 0047 | Total Time 192.1s
2024-12-09 05:00:15,806 - root - INFO - CF Training: Epoch 0048 Total Iter 0314 | Total Time 125.7s | Iter Mean Loss 0.1378
2024-12-09 05:01:17,867 - root - INFO - KG Training: Epoch 0048 Total Iter 0339 | Total Time 62.1s | Iter Mean Loss 0.0065
2024-12-09 05:01:19,194 - root - INFO - Update Attention: Epoch 0048 | Total Time 1.3s
2024-12-09 05:01:19,195 - root - INFO - CF + KG Training: Epoch 0048 | Total Time 189.1s
2024-12-09 05:03:30,049 - root - INFO - CF Training: Epoch 0049 Total Iter 0314 | Total Time 130.9s | Iter Mean Loss 0.1373
2024-12-09 05:04:32,533 - root - INFO - KG Training: Epoch 0049 Total Iter 0339 | Total Time 62.5s | Iter Mean Loss 0.0066
2024-12-09 05:04:33,841 - root - INFO - Update Attention: Epoch 0049 | Total Time 1.3s
2024-12-09 05:04:33,841 - root - INFO - CF + KG Training: Epoch 0049 | Total Time 194.6s
2024-12-09 05:06:44,484 - root - INFO - CF Training: Epoch 0050 Total Iter 0314 | Total Time 130.6s | Iter Mean Loss 0.1357
2024-12-09 05:07:47,826 - root - INFO - KG Training: Epoch 0050 Total Iter 0339 | Total Time 63.3s | Iter Mean Loss 0.0063
2024-12-09 05:07:49,849 - root - INFO - Update Attention: Epoch 0050 | Total Time 2.0s
2024-12-09 05:07:49,850 - root - INFO - CF + KG Training: Epoch 0050 | Total Time 196.0s
2024-12-09 05:07:57,046 - root - INFO - CF Evaluation: Epoch 0050 | Total Time 7.2s | Precision [0.1991, 0.0423], Recall [0.1991, 0.4232], NDCG [0.1991, 0.3048]
2024-12-09 05:07:57,066 - root - INFO - Best CF Evaluation: Epoch 0035 | Precision [0.1667, 0.0458], Recall [0.1667, 0.4580], NDCG [0.1667, 0.3020]
