2024-12-09 00:06:30,288 - root - INFO - Namespace(seed=2019, model_type='nfm', data_name='KGAT_data', data_dir='./', use_user_info=0, use_pretrain=0, pretrain_embedding_dir='datasets/pretrain/', pretrain_model_path='trained_model/model.pth', embed_dim=64, hidden_dim_list='[64, 32, 16]', mess_dropout='[0.1, 0.1, 0.1]', l2loss_lambda=1e-05, train_batch_size=1024, test_batch_size=1024, test_cores=0, lr=0.0001, n_epoch=50, stopping_steps=10, print_every=50, evaluate_every=5, Ks='[1, 5, 10]', save_dir='trained_model/NFM/KGAT_data/nfm_embed-dim64_64-32-16_lr0.0001_pretrain0_user-info0/')
2024-12-09 00:06:45,282 - root - INFO - n_users:              8273
2024-12-09 00:06:45,282 - root - INFO - n_items:              421
2024-12-09 00:06:45,283 - root - INFO - n_entities:           421
2024-12-09 00:06:45,283 - root - INFO - n_user_attr:           8273
2024-12-09 00:06:45,283 - root - INFO - n_users_entities:     8694
2024-12-09 00:06:45,283 - root - INFO - n_cf_train:           321407
2024-12-09 00:06:45,284 - root - INFO - n_cf_test:            8273
2024-12-09 00:06:45,284 - root - INFO - shape of user_matrix: (8273, 8273)
2024-12-09 00:06:45,284 - root - INFO - shape of feat_matrix: (421, 421)
2024-12-09 00:06:45,321 - root - INFO - NFM(
  (linear): Linear(in_features=8694, out_features=1, bias=True)
  (hidden_layers): ModuleList(
    (0): HiddenLayer(
      (linear): Linear(in_features=64, out_features=64, bias=True)
      (activation): ReLU()
      (message_dropout): Dropout(p=0.1, inplace=False)
    )
    (1): HiddenLayer(
      (linear): Linear(in_features=64, out_features=32, bias=True)
      (activation): ReLU()
      (message_dropout): Dropout(p=0.1, inplace=False)
    )
    (2): HiddenLayer(
      (linear): Linear(in_features=32, out_features=16, bias=True)
      (activation): ReLU()
      (message_dropout): Dropout(p=0.1, inplace=False)
    )
  )
  (h): Linear(in_features=16, out_features=1, bias=False)
)
2024-12-09 00:06:53,612 - root - INFO - CF Training: Epoch 0001 Iter 0050 / 0314 | Time 0.0s | Iter Loss 0.6205 | Iter Mean Loss 0.7506
2024-12-09 00:06:56,225 - root - INFO - CF Training: Epoch 0001 Iter 0100 / 0314 | Time 0.1s | Iter Loss 0.4328 | Iter Mean Loss 0.6279
2024-12-09 00:06:58,780 - root - INFO - CF Training: Epoch 0001 Iter 0150 / 0314 | Time 0.0s | Iter Loss 0.3378 | Iter Mean Loss 0.5464
2024-12-09 00:07:01,300 - root - INFO - CF Training: Epoch 0001 Iter 0200 / 0314 | Time 0.1s | Iter Loss 0.3370 | Iter Mean Loss 0.4974
2024-12-09 00:07:04,942 - root - INFO - CF Training: Epoch 0001 Iter 0250 / 0314 | Time 0.1s | Iter Loss 0.3392 | Iter Mean Loss 0.4648
2024-12-09 00:07:07,971 - root - INFO - CF Training: Epoch 0001 Iter 0300 / 0314 | Time 0.0s | Iter Loss 0.2933 | Iter Mean Loss 0.4404
2024-12-09 00:07:08,690 - root - INFO - CF Training: Epoch 0001 Total Iter 0314 | Total Time 18.7s | Iter Mean Loss 0.4347
2024-12-09 00:07:11,306 - root - INFO - CF Training: Epoch 0002 Iter 0050 / 0314 | Time 0.0s | Iter Loss 0.3139 | Iter Mean Loss 0.2982
2024-12-09 00:07:13,817 - root - INFO - CF Training: Epoch 0002 Iter 0100 / 0314 | Time 0.1s | Iter Loss 0.2765 | Iter Mean Loss 0.2910
2024-12-09 00:07:16,419 - root - INFO - CF Training: Epoch 0002 Iter 0150 / 0314 | Time 0.1s | Iter Loss 0.2879 | Iter Mean Loss 0.2874
2024-12-09 00:07:20,252 - root - INFO - CF Training: Epoch 0002 Iter 0200 / 0314 | Time 0.1s | Iter Loss 0.2653 | Iter Mean Loss 0.2844
2024-12-09 00:07:23,042 - root - INFO - CF Training: Epoch 0002 Iter 0250 / 0314 | Time 0.0s | Iter Loss 0.2677 | Iter Mean Loss 0.2809
2024-12-09 00:07:25,566 - root - INFO - CF Training: Epoch 0002 Iter 0300 / 0314 | Time 0.0s | Iter Loss 0.2606 | Iter Mean Loss 0.2778
2024-12-09 00:07:26,262 - root - INFO - CF Training: Epoch 0002 Total Iter 0314 | Total Time 17.6s | Iter Mean Loss 0.2766
2024-12-09 00:07:28,802 - root - INFO - CF Training: Epoch 0003 Iter 0050 / 0314 | Time 0.1s | Iter Loss 0.2487 | Iter Mean Loss 0.2531
2024-12-09 00:07:31,653 - root - INFO - CF Training: Epoch 0003 Iter 0100 / 0314 | Time 0.1s | Iter Loss 0.2466 | Iter Mean Loss 0.2545
2024-12-09 00:07:35,522 - root - INFO - CF Training: Epoch 0003 Iter 0150 / 0314 | Time 0.1s | Iter Loss 0.2404 | Iter Mean Loss 0.2547
2024-12-09 00:07:38,318 - root - INFO - CF Training: Epoch 0003 Iter 0200 / 0314 | Time 0.1s | Iter Loss 0.2409 | Iter Mean Loss 0.2540
2024-12-09 00:07:40,934 - root - INFO - CF Training: Epoch 0003 Iter 0250 / 0314 | Time 0.0s | Iter Loss 0.2606 | Iter Mean Loss 0.2529
2024-12-09 00:07:43,579 - root - INFO - CF Training: Epoch 0003 Iter 0300 / 0314 | Time 0.0s | Iter Loss 0.2163 | Iter Mean Loss 0.2515
2024-12-09 00:07:44,302 - root - INFO - CF Training: Epoch 0003 Total Iter 0314 | Total Time 18.0s | Iter Mean Loss 0.2511
2024-12-09 00:07:47,408 - root - INFO - CF Training: Epoch 0004 Iter 0050 / 0314 | Time 0.1s | Iter Loss 0.2169 | Iter Mean Loss 0.2397
2024-12-09 00:07:50,936 - root - INFO - CF Training: Epoch 0004 Iter 0100 / 0314 | Time 0.1s | Iter Loss 0.2254 | Iter Mean Loss 0.2367
2024-12-09 00:07:53,507 - root - INFO - CF Training: Epoch 0004 Iter 0150 / 0314 | Time 0.1s | Iter Loss 0.2120 | Iter Mean Loss 0.2352
2024-12-09 00:07:56,114 - root - INFO - CF Training: Epoch 0004 Iter 0200 / 0314 | Time 0.1s | Iter Loss 0.2407 | Iter Mean Loss 0.2332
2024-12-09 00:07:58,624 - root - INFO - CF Training: Epoch 0004 Iter 0250 / 0314 | Time 0.0s | Iter Loss 0.2260 | Iter Mean Loss 0.2312
2024-12-09 00:08:01,516 - root - INFO - CF Training: Epoch 0004 Iter 0300 / 0314 | Time 0.1s | Iter Loss 0.2084 | Iter Mean Loss 0.2292
2024-12-09 00:08:02,565 - root - INFO - CF Training: Epoch 0004 Total Iter 0314 | Total Time 18.3s | Iter Mean Loss 0.2289
2024-12-09 00:08:05,920 - root - INFO - CF Training: Epoch 0005 Iter 0050 / 0314 | Time 0.1s | Iter Loss 0.2028 | Iter Mean Loss 0.2127
2024-12-09 00:08:08,498 - root - INFO - CF Training: Epoch 0005 Iter 0100 / 0314 | Time 0.0s | Iter Loss 0.2018 | Iter Mean Loss 0.2085
2024-12-09 00:08:11,032 - root - INFO - CF Training: Epoch 0005 Iter 0150 / 0314 | Time 0.0s | Iter Loss 0.2099 | Iter Mean Loss 0.2049
2024-12-09 00:08:13,493 - root - INFO - CF Training: Epoch 0005 Iter 0200 / 0314 | Time 0.0s | Iter Loss 0.1969 | Iter Mean Loss 0.2021
2024-12-09 00:08:16,496 - root - INFO - CF Training: Epoch 0005 Iter 0250 / 0314 | Time 0.1s | Iter Loss 0.1723 | Iter Mean Loss 0.1994
2024-12-09 00:08:20,094 - root - INFO - CF Training: Epoch 0005 Iter 0300 / 0314 | Time 0.0s | Iter Loss 0.1773 | Iter Mean Loss 0.1960
2024-12-09 00:08:20,799 - root - INFO - CF Training: Epoch 0005 Total Iter 0314 | Total Time 18.2s | Iter Mean Loss 0.1950
2024-12-09 00:08:41,980 - root - INFO - CF Evaluation: Epoch 0005 | Total Time 21.2s | Precision [0.1233, 0.0353], Recall [0.1233, 0.3534], NDCG [0.1233, 0.2231]
2024-12-09 00:08:42,005 - root - INFO - Save model on epoch 0005!
2024-12-09 00:08:44,690 - root - INFO - CF Training: Epoch 0006 Iter 0050 / 0314 | Time 0.1s | Iter Loss 0.1872 | Iter Mean Loss 0.1732
2024-12-09 00:08:48,410 - root - INFO - CF Training: Epoch 0006 Iter 0100 / 0314 | Time 0.1s | Iter Loss 0.1530 | Iter Mean Loss 0.1704
2024-12-09 00:08:51,111 - root - INFO - CF Training: Epoch 0006 Iter 0150 / 0314 | Time 0.1s | Iter Loss 0.1594 | Iter Mean Loss 0.1682
2024-12-09 00:08:53,714 - root - INFO - CF Training: Epoch 0006 Iter 0200 / 0314 | Time 0.1s | Iter Loss 0.1376 | Iter Mean Loss 0.1668
2024-12-09 00:08:56,262 - root - INFO - CF Training: Epoch 0006 Iter 0250 / 0314 | Time 0.1s | Iter Loss 0.1469 | Iter Mean Loss 0.1648
2024-12-09 00:08:58,852 - root - INFO - CF Training: Epoch 0006 Iter 0300 / 0314 | Time 0.1s | Iter Loss 0.1716 | Iter Mean Loss 0.1632
2024-12-09 00:08:59,849 - root - INFO - CF Training: Epoch 0006 Total Iter 0314 | Total Time 17.8s | Iter Mean Loss 0.1627
2024-12-09 00:09:03,649 - root - INFO - CF Training: Epoch 0007 Iter 0050 / 0314 | Time 0.1s | Iter Loss 0.1479 | Iter Mean Loss 0.1515
2024-12-09 00:09:06,238 - root - INFO - CF Training: Epoch 0007 Iter 0100 / 0314 | Time 0.0s | Iter Loss 0.1318 | Iter Mean Loss 0.1503
2024-12-09 00:09:08,854 - root - INFO - CF Training: Epoch 0007 Iter 0150 / 0314 | Time 0.1s | Iter Loss 0.1238 | Iter Mean Loss 0.1487
2024-12-09 00:09:11,456 - root - INFO - CF Training: Epoch 0007 Iter 0200 / 0314 | Time 0.0s | Iter Loss 0.1368 | Iter Mean Loss 0.1480
2024-12-09 00:09:14,163 - root - INFO - CF Training: Epoch 0007 Iter 0250 / 0314 | Time 0.1s | Iter Loss 0.1349 | Iter Mean Loss 0.1461
2024-12-09 00:09:17,962 - root - INFO - CF Training: Epoch 0007 Iter 0300 / 0314 | Time 0.1s | Iter Loss 0.1121 | Iter Mean Loss 0.1441
2024-12-09 00:09:18,928 - root - INFO - CF Training: Epoch 0007 Total Iter 0314 | Total Time 19.1s | Iter Mean Loss 0.1437
2024-12-09 00:09:21,463 - root - INFO - CF Training: Epoch 0008 Iter 0050 / 0314 | Time 0.0s | Iter Loss 0.1380 | Iter Mean Loss 0.1344
2024-12-09 00:09:24,009 - root - INFO - CF Training: Epoch 0008 Iter 0100 / 0314 | Time 0.0s | Iter Loss 0.1631 | Iter Mean Loss 0.1352
2024-12-09 00:09:26,555 - root - INFO - CF Training: Epoch 0008 Iter 0150 / 0314 | Time 0.1s | Iter Loss 0.1358 | Iter Mean Loss 0.1333
2024-12-09 00:09:29,292 - root - INFO - CF Training: Epoch 0008 Iter 0200 / 0314 | Time 0.1s | Iter Loss 0.1129 | Iter Mean Loss 0.1320
2024-12-09 00:09:33,147 - root - INFO - CF Training: Epoch 0008 Iter 0250 / 0314 | Time 0.1s | Iter Loss 0.1261 | Iter Mean Loss 0.1308
2024-12-09 00:09:35,792 - root - INFO - CF Training: Epoch 0008 Iter 0300 / 0314 | Time 0.1s | Iter Loss 0.1292 | Iter Mean Loss 0.1295
2024-12-09 00:09:36,555 - root - INFO - CF Training: Epoch 0008 Total Iter 0314 | Total Time 17.6s | Iter Mean Loss 0.1292
2024-12-09 00:09:39,116 - root - INFO - CF Training: Epoch 0009 Iter 0050 / 0314 | Time 0.1s | Iter Loss 0.1216 | Iter Mean Loss 0.1211
2024-12-09 00:09:41,685 - root - INFO - CF Training: Epoch 0009 Iter 0100 / 0314 | Time 0.1s | Iter Loss 0.1345 | Iter Mean Loss 0.1208
2024-12-09 00:09:44,771 - root - INFO - CF Training: Epoch 0009 Iter 0150 / 0314 | Time 0.1s | Iter Loss 0.1321 | Iter Mean Loss 0.1198
2024-12-09 00:09:48,520 - root - INFO - CF Training: Epoch 0009 Iter 0200 / 0314 | Time 0.0s | Iter Loss 0.1000 | Iter Mean Loss 0.1191
2024-12-09 00:09:51,081 - root - INFO - CF Training: Epoch 0009 Iter 0250 / 0314 | Time 0.1s | Iter Loss 0.0867 | Iter Mean Loss 0.1177
2024-12-09 00:09:53,668 - root - INFO - CF Training: Epoch 0009 Iter 0300 / 0314 | Time 0.0s | Iter Loss 0.1072 | Iter Mean Loss 0.1167
2024-12-09 00:09:54,372 - root - INFO - CF Training: Epoch 0009 Total Iter 0314 | Total Time 17.8s | Iter Mean Loss 0.1165
2024-12-09 00:09:56,895 - root - INFO - CF Training: Epoch 0010 Iter 0050 / 0314 | Time 0.0s | Iter Loss 0.1118 | Iter Mean Loss 0.1118
2024-12-09 00:09:59,990 - root - INFO - CF Training: Epoch 0010 Iter 0100 / 0314 | Time 0.1s | Iter Loss 0.0980 | Iter Mean Loss 0.1103
2024-12-09 00:10:03,633 - root - INFO - CF Training: Epoch 0010 Iter 0150 / 0314 | Time 0.1s | Iter Loss 0.1166 | Iter Mean Loss 0.1091
2024-12-09 00:10:06,226 - root - INFO - CF Training: Epoch 0010 Iter 0200 / 0314 | Time 0.1s | Iter Loss 0.0998 | Iter Mean Loss 0.1082
2024-12-09 00:10:08,786 - root - INFO - CF Training: Epoch 0010 Iter 0250 / 0314 | Time 0.1s | Iter Loss 0.1355 | Iter Mean Loss 0.1072
2024-12-09 00:10:11,362 - root - INFO - CF Training: Epoch 0010 Iter 0300 / 0314 | Time 0.1s | Iter Loss 0.1001 | Iter Mean Loss 0.1064
2024-12-09 00:10:12,087 - root - INFO - CF Training: Epoch 0010 Total Iter 0314 | Total Time 17.7s | Iter Mean Loss 0.1060
2024-12-09 00:10:34,742 - root - INFO - CF Evaluation: Epoch 0010 | Total Time 22.7s | Precision [0.1634, 0.0531], Recall [0.1634, 0.5305], NDCG [0.1634, 0.3215]
2024-12-09 00:10:34,764 - root - INFO - Save model on epoch 0010!
2024-12-09 00:10:37,332 - root - INFO - CF Training: Epoch 0011 Iter 0050 / 0314 | Time 0.0s | Iter Loss 0.0904 | Iter Mean Loss 0.1005
2024-12-09 00:10:39,890 - root - INFO - CF Training: Epoch 0011 Iter 0100 / 0314 | Time 0.0s | Iter Loss 0.0947 | Iter Mean Loss 0.1003
2024-12-09 00:10:42,628 - root - INFO - CF Training: Epoch 0011 Iter 0150 / 0314 | Time 0.1s | Iter Loss 0.1032 | Iter Mean Loss 0.0994
2024-12-09 00:10:46,429 - root - INFO - CF Training: Epoch 0011 Iter 0200 / 0314 | Time 0.1s | Iter Loss 0.0994 | Iter Mean Loss 0.0983
2024-12-09 00:10:49,154 - root - INFO - CF Training: Epoch 0011 Iter 0250 / 0314 | Time 0.0s | Iter Loss 0.0898 | Iter Mean Loss 0.0980
2024-12-09 00:10:51,728 - root - INFO - CF Training: Epoch 0011 Iter 0300 / 0314 | Time 0.1s | Iter Loss 0.0968 | Iter Mean Loss 0.0969
2024-12-09 00:10:52,482 - root - INFO - CF Training: Epoch 0011 Total Iter 0314 | Total Time 17.7s | Iter Mean Loss 0.0970
2024-12-09 00:10:55,091 - root - INFO - CF Training: Epoch 0012 Iter 0050 / 0314 | Time 0.1s | Iter Loss 0.0831 | Iter Mean Loss 0.0948
2024-12-09 00:10:58,043 - root - INFO - CF Training: Epoch 0012 Iter 0100 / 0314 | Time 0.1s | Iter Loss 0.0920 | Iter Mean Loss 0.0932
2024-12-09 00:11:01,855 - root - INFO - CF Training: Epoch 0012 Iter 0150 / 0314 | Time 0.0s | Iter Loss 0.0844 | Iter Mean Loss 0.0921
2024-12-09 00:11:04,427 - root - INFO - CF Training: Epoch 0012 Iter 0200 / 0314 | Time 0.1s | Iter Loss 0.0908 | Iter Mean Loss 0.0908
2024-12-09 00:11:06,970 - root - INFO - CF Training: Epoch 0012 Iter 0250 / 0314 | Time 0.1s | Iter Loss 0.0958 | Iter Mean Loss 0.0905
2024-12-09 00:11:09,446 - root - INFO - CF Training: Epoch 0012 Iter 0300 / 0314 | Time 0.0s | Iter Loss 0.1123 | Iter Mean Loss 0.0903
2024-12-09 00:11:10,220 - root - INFO - CF Training: Epoch 0012 Total Iter 0314 | Total Time 17.7s | Iter Mean Loss 0.0901
2024-12-09 00:11:13,260 - root - INFO - CF Training: Epoch 0013 Iter 0050 / 0314 | Time 0.1s | Iter Loss 0.0885 | Iter Mean Loss 0.0868
2024-12-09 00:11:16,895 - root - INFO - CF Training: Epoch 0013 Iter 0100 / 0314 | Time 0.0s | Iter Loss 0.0860 | Iter Mean Loss 0.0863
2024-12-09 00:11:19,485 - root - INFO - CF Training: Epoch 0013 Iter 0150 / 0314 | Time 0.1s | Iter Loss 0.0860 | Iter Mean Loss 0.0862
2024-12-09 00:11:22,027 - root - INFO - CF Training: Epoch 0013 Iter 0200 / 0314 | Time 0.1s | Iter Loss 0.0752 | Iter Mean Loss 0.0858
2024-12-09 00:11:24,528 - root - INFO - CF Training: Epoch 0013 Iter 0250 / 0314 | Time 0.1s | Iter Loss 0.1045 | Iter Mean Loss 0.0847
2024-12-09 00:11:27,409 - root - INFO - CF Training: Epoch 0013 Iter 0300 / 0314 | Time 0.1s | Iter Loss 0.0664 | Iter Mean Loss 0.0841
2024-12-09 00:11:28,454 - root - INFO - CF Training: Epoch 0013 Total Iter 0314 | Total Time 18.2s | Iter Mean Loss 0.0839
2024-12-09 00:11:32,012 - root - INFO - CF Training: Epoch 0014 Iter 0050 / 0314 | Time 0.0s | Iter Loss 0.0671 | Iter Mean Loss 0.0800
2024-12-09 00:11:34,583 - root - INFO - CF Training: Epoch 0014 Iter 0100 / 0314 | Time 0.1s | Iter Loss 0.0973 | Iter Mean Loss 0.0805
2024-12-09 00:11:37,159 - root - INFO - CF Training: Epoch 0014 Iter 0150 / 0314 | Time 0.1s | Iter Loss 0.0759 | Iter Mean Loss 0.0804
2024-12-09 00:11:39,711 - root - INFO - CF Training: Epoch 0014 Iter 0200 / 0314 | Time 0.0s | Iter Loss 0.0821 | Iter Mean Loss 0.0796
2024-12-09 00:11:42,799 - root - INFO - CF Training: Epoch 0014 Iter 0250 / 0314 | Time 0.1s | Iter Loss 0.0676 | Iter Mean Loss 0.0787
2024-12-09 00:11:46,478 - root - INFO - CF Training: Epoch 0014 Iter 0300 / 0314 | Time 0.1s | Iter Loss 0.0659 | Iter Mean Loss 0.0779
2024-12-09 00:11:47,216 - root - INFO - CF Training: Epoch 0014 Total Iter 0314 | Total Time 18.8s | Iter Mean Loss 0.0779
2024-12-09 00:11:49,805 - root - INFO - CF Training: Epoch 0015 Iter 0050 / 0314 | Time 0.0s | Iter Loss 0.0694 | Iter Mean Loss 0.0733
2024-12-09 00:11:52,352 - root - INFO - CF Training: Epoch 0015 Iter 0100 / 0314 | Time 0.1s | Iter Loss 0.0675 | Iter Mean Loss 0.0748
2024-12-09 00:11:54,925 - root - INFO - CF Training: Epoch 0015 Iter 0150 / 0314 | Time 0.0s | Iter Loss 0.0720 | Iter Mean Loss 0.0753
2024-12-09 00:11:58,061 - root - INFO - CF Training: Epoch 0015 Iter 0200 / 0314 | Time 0.1s | Iter Loss 0.1000 | Iter Mean Loss 0.0749
2024-12-09 00:12:01,609 - root - INFO - CF Training: Epoch 0015 Iter 0250 / 0314 | Time 0.0s | Iter Loss 0.0691 | Iter Mean Loss 0.0745
2024-12-09 00:12:04,149 - root - INFO - CF Training: Epoch 0015 Iter 0300 / 0314 | Time 0.1s | Iter Loss 0.0760 | Iter Mean Loss 0.0738
2024-12-09 00:12:04,907 - root - INFO - CF Training: Epoch 0015 Total Iter 0314 | Total Time 17.7s | Iter Mean Loss 0.0738
2024-12-09 00:12:26,470 - root - INFO - CF Evaluation: Epoch 0015 | Total Time 21.6s | Precision [0.2146, 0.0647], Recall [0.2146, 0.6467], NDCG [0.2146, 0.4091]
2024-12-09 00:12:26,498 - root - INFO - Save model on epoch 0015!
2024-12-09 00:12:30,316 - root - INFO - CF Training: Epoch 0016 Iter 0050 / 0314 | Time 0.1s | Iter Loss 0.0728 | Iter Mean Loss 0.0735
2024-12-09 00:12:32,879 - root - INFO - CF Training: Epoch 0016 Iter 0100 / 0314 | Time 0.0s | Iter Loss 0.0687 | Iter Mean Loss 0.0723
2024-12-09 00:12:35,476 - root - INFO - CF Training: Epoch 0016 Iter 0150 / 0314 | Time 0.1s | Iter Loss 0.0563 | Iter Mean Loss 0.0707
2024-12-09 00:12:37,993 - root - INFO - CF Training: Epoch 0016 Iter 0200 / 0314 | Time 0.0s | Iter Loss 0.0753 | Iter Mean Loss 0.0708
2024-12-09 00:12:40,636 - root - INFO - CF Training: Epoch 0016 Iter 0250 / 0314 | Time 0.1s | Iter Loss 0.0740 | Iter Mean Loss 0.0701
2024-12-09 00:12:44,417 - root - INFO - CF Training: Epoch 0016 Iter 0300 / 0314 | Time 0.1s | Iter Loss 0.0687 | Iter Mean Loss 0.0697
2024-12-09 00:12:45,343 - root - INFO - CF Training: Epoch 0016 Total Iter 0314 | Total Time 18.8s | Iter Mean Loss 0.0694
2024-12-09 00:12:47,889 - root - INFO - CF Training: Epoch 0017 Iter 0050 / 0314 | Time 0.0s | Iter Loss 0.0618 | Iter Mean Loss 0.0673
2024-12-09 00:12:50,391 - root - INFO - CF Training: Epoch 0017 Iter 0100 / 0314 | Time 0.0s | Iter Loss 0.0519 | Iter Mean Loss 0.0665
2024-12-09 00:12:52,928 - root - INFO - CF Training: Epoch 0017 Iter 0150 / 0314 | Time 0.0s | Iter Loss 0.0708 | Iter Mean Loss 0.0669
2024-12-09 00:12:55,703 - root - INFO - CF Training: Epoch 0017 Iter 0200 / 0314 | Time 0.1s | Iter Loss 0.0821 | Iter Mean Loss 0.0662
2024-12-09 00:12:59,594 - root - INFO - CF Training: Epoch 0017 Iter 0250 / 0314 | Time 0.1s | Iter Loss 0.0616 | Iter Mean Loss 0.0660
2024-12-09 00:13:02,162 - root - INFO - CF Training: Epoch 0017 Iter 0300 / 0314 | Time 0.0s | Iter Loss 0.0841 | Iter Mean Loss 0.0655
2024-12-09 00:13:02,885 - root - INFO - CF Training: Epoch 0017 Total Iter 0314 | Total Time 17.5s | Iter Mean Loss 0.0654
2024-12-09 00:13:05,402 - root - INFO - CF Training: Epoch 0018 Iter 0050 / 0314 | Time 0.0s | Iter Loss 0.0574 | Iter Mean Loss 0.0630
2024-12-09 00:13:07,889 - root - INFO - CF Training: Epoch 0018 Iter 0100 / 0314 | Time 0.0s | Iter Loss 0.0805 | Iter Mean Loss 0.0627
2024-12-09 00:13:10,739 - root - INFO - CF Training: Epoch 0018 Iter 0150 / 0314 | Time 0.1s | Iter Loss 0.0671 | Iter Mean Loss 0.0625
2024-12-09 00:13:14,554 - root - INFO - CF Training: Epoch 0018 Iter 0200 / 0314 | Time 0.1s | Iter Loss 0.0595 | Iter Mean Loss 0.0619
2024-12-09 00:13:17,043 - root - INFO - CF Training: Epoch 0018 Iter 0250 / 0314 | Time 0.0s | Iter Loss 0.0614 | Iter Mean Loss 0.0617
2024-12-09 00:13:19,548 - root - INFO - CF Training: Epoch 0018 Iter 0300 / 0314 | Time 0.0s | Iter Loss 0.0551 | Iter Mean Loss 0.0617
2024-12-09 00:13:20,243 - root - INFO - CF Training: Epoch 0018 Total Iter 0314 | Total Time 17.4s | Iter Mean Loss 0.0616
2024-12-09 00:13:22,784 - root - INFO - CF Training: Epoch 0019 Iter 0050 / 0314 | Time 0.0s | Iter Loss 0.0739 | Iter Mean Loss 0.0606
2024-12-09 00:13:25,771 - root - INFO - CF Training: Epoch 0019 Iter 0100 / 0314 | Time 0.1s | Iter Loss 0.0625 | Iter Mean Loss 0.0587
2024-12-09 00:13:29,507 - root - INFO - CF Training: Epoch 0019 Iter 0150 / 0314 | Time 0.1s | Iter Loss 0.0362 | Iter Mean Loss 0.0590
2024-12-09 00:13:31,994 - root - INFO - CF Training: Epoch 0019 Iter 0200 / 0314 | Time 0.1s | Iter Loss 0.0465 | Iter Mean Loss 0.0588
2024-12-09 00:13:34,528 - root - INFO - CF Training: Epoch 0019 Iter 0250 / 0314 | Time 0.1s | Iter Loss 0.0784 | Iter Mean Loss 0.0585
2024-12-09 00:13:37,061 - root - INFO - CF Training: Epoch 0019 Iter 0300 / 0314 | Time 0.1s | Iter Loss 0.0408 | Iter Mean Loss 0.0578
2024-12-09 00:13:37,762 - root - INFO - CF Training: Epoch 0019 Total Iter 0314 | Total Time 17.5s | Iter Mean Loss 0.0580
2024-12-09 00:13:40,736 - root - INFO - CF Training: Epoch 0020 Iter 0050 / 0314 | Time 0.1s | Iter Loss 0.0649 | Iter Mean Loss 0.0549
2024-12-09 00:13:44,361 - root - INFO - CF Training: Epoch 0020 Iter 0100 / 0314 | Time 0.0s | Iter Loss 0.0504 | Iter Mean Loss 0.0557
2024-12-09 00:13:46,919 - root - INFO - CF Training: Epoch 0020 Iter 0150 / 0314 | Time 0.0s | Iter Loss 0.0564 | Iter Mean Loss 0.0557
2024-12-09 00:13:49,439 - root - INFO - CF Training: Epoch 0020 Iter 0200 / 0314 | Time 0.0s | Iter Loss 0.0476 | Iter Mean Loss 0.0554
2024-12-09 00:13:51,950 - root - INFO - CF Training: Epoch 0020 Iter 0250 / 0314 | Time 0.0s | Iter Loss 0.0585 | Iter Mean Loss 0.0549
2024-12-09 00:13:54,708 - root - INFO - CF Training: Epoch 0020 Iter 0300 / 0314 | Time 0.1s | Iter Loss 0.0548 | Iter Mean Loss 0.0550
2024-12-09 00:13:55,774 - root - INFO - CF Training: Epoch 0020 Total Iter 0314 | Total Time 18.0s | Iter Mean Loss 0.0551
2024-12-09 00:14:17,644 - root - INFO - CF Evaluation: Epoch 0020 | Total Time 21.9s | Precision [0.2685, 0.0721], Recall [0.2685, 0.7211], NDCG [0.2685, 0.4752]
2024-12-09 00:14:17,665 - root - INFO - Save model on epoch 0020!
2024-12-09 00:14:20,216 - root - INFO - CF Training: Epoch 0021 Iter 0050 / 0314 | Time 0.1s | Iter Loss 0.0634 | Iter Mean Loss 0.0532
2024-12-09 00:14:22,771 - root - INFO - CF Training: Epoch 0021 Iter 0100 / 0314 | Time 0.0s | Iter Loss 0.0492 | Iter Mean Loss 0.0530
2024-12-09 00:14:26,292 - root - INFO - CF Training: Epoch 0021 Iter 0150 / 0314 | Time 0.1s | Iter Loss 0.0460 | Iter Mean Loss 0.0528
2024-12-09 00:14:30,344 - root - INFO - CF Training: Epoch 0021 Iter 0200 / 0314 | Time 0.1s | Iter Loss 0.0417 | Iter Mean Loss 0.0529
2024-12-09 00:14:33,404 - root - INFO - CF Training: Epoch 0021 Iter 0250 / 0314 | Time 0.1s | Iter Loss 0.0477 | Iter Mean Loss 0.0527
2024-12-09 00:14:36,647 - root - INFO - CF Training: Epoch 0021 Iter 0300 / 0314 | Time 0.1s | Iter Loss 0.0479 | Iter Mean Loss 0.0525
2024-12-09 00:14:37,380 - root - INFO - CF Training: Epoch 0021 Total Iter 0314 | Total Time 19.7s | Iter Mean Loss 0.0523
2024-12-09 00:14:40,164 - root - INFO - CF Training: Epoch 0022 Iter 0050 / 0314 | Time 0.1s | Iter Loss 0.0472 | Iter Mean Loss 0.0517
2024-12-09 00:14:44,048 - root - INFO - CF Training: Epoch 0022 Iter 0100 / 0314 | Time 0.1s | Iter Loss 0.0412 | Iter Mean Loss 0.0504
2024-12-09 00:14:46,677 - root - INFO - CF Training: Epoch 0022 Iter 0150 / 0314 | Time 0.0s | Iter Loss 0.0467 | Iter Mean Loss 0.0496
2024-12-09 00:14:49,245 - root - INFO - CF Training: Epoch 0022 Iter 0200 / 0314 | Time 0.0s | Iter Loss 0.0489 | Iter Mean Loss 0.0494
2024-12-09 00:14:51,740 - root - INFO - CF Training: Epoch 0022 Iter 0250 / 0314 | Time 0.1s | Iter Loss 0.0553 | Iter Mean Loss 0.0496
2024-12-09 00:14:54,283 - root - INFO - CF Training: Epoch 0022 Iter 0300 / 0314 | Time 0.0s | Iter Loss 0.0449 | Iter Mean Loss 0.0494
2024-12-09 00:14:55,284 - root - INFO - CF Training: Epoch 0022 Total Iter 0314 | Total Time 17.9s | Iter Mean Loss 0.0492
2024-12-09 00:14:59,096 - root - INFO - CF Training: Epoch 0023 Iter 0050 / 0314 | Time 0.1s | Iter Loss 0.0457 | Iter Mean Loss 0.0490
2024-12-09 00:15:01,638 - root - INFO - CF Training: Epoch 0023 Iter 0100 / 0314 | Time 0.0s | Iter Loss 0.0592 | Iter Mean Loss 0.0481
2024-12-09 00:15:04,182 - root - INFO - CF Training: Epoch 0023 Iter 0150 / 0314 | Time 0.0s | Iter Loss 0.0441 | Iter Mean Loss 0.0482
2024-12-09 00:15:06,678 - root - INFO - CF Training: Epoch 0023 Iter 0200 / 0314 | Time 0.0s | Iter Loss 0.0433 | Iter Mean Loss 0.0475
2024-12-09 00:15:09,249 - root - INFO - CF Training: Epoch 0023 Iter 0250 / 0314 | Time 0.1s | Iter Loss 0.0486 | Iter Mean Loss 0.0472
2024-12-09 00:15:13,037 - root - INFO - CF Training: Epoch 0023 Iter 0300 / 0314 | Time 0.1s | Iter Loss 0.0466 | Iter Mean Loss 0.0470
2024-12-09 00:15:14,054 - root - INFO - CF Training: Epoch 0023 Total Iter 0314 | Total Time 18.8s | Iter Mean Loss 0.0470
2024-12-09 00:15:16,590 - root - INFO - CF Training: Epoch 0024 Iter 0050 / 0314 | Time 0.0s | Iter Loss 0.0516 | Iter Mean Loss 0.0455
2024-12-09 00:15:19,119 - root - INFO - CF Training: Epoch 0024 Iter 0100 / 0314 | Time 0.0s | Iter Loss 0.0438 | Iter Mean Loss 0.0447
2024-12-09 00:15:21,661 - root - INFO - CF Training: Epoch 0024 Iter 0150 / 0314 | Time 0.1s | Iter Loss 0.0375 | Iter Mean Loss 0.0449
2024-12-09 00:15:24,329 - root - INFO - CF Training: Epoch 0024 Iter 0200 / 0314 | Time 0.1s | Iter Loss 0.0375 | Iter Mean Loss 0.0445
2024-12-09 00:15:28,091 - root - INFO - CF Training: Epoch 0024 Iter 0250 / 0314 | Time 0.1s | Iter Loss 0.0341 | Iter Mean Loss 0.0443
2024-12-09 00:15:30,811 - root - INFO - CF Training: Epoch 0024 Iter 0300 / 0314 | Time 0.0s | Iter Loss 0.0385 | Iter Mean Loss 0.0442
2024-12-09 00:15:31,552 - root - INFO - CF Training: Epoch 0024 Total Iter 0314 | Total Time 17.5s | Iter Mean Loss 0.0442
2024-12-09 00:15:34,117 - root - INFO - CF Training: Epoch 0025 Iter 0050 / 0314 | Time 0.0s | Iter Loss 0.0436 | Iter Mean Loss 0.0443
2024-12-09 00:15:36,637 - root - INFO - CF Training: Epoch 0025 Iter 0100 / 0314 | Time 0.0s | Iter Loss 0.0384 | Iter Mean Loss 0.0445
2024-12-09 00:15:39,417 - root - INFO - CF Training: Epoch 0025 Iter 0150 / 0314 | Time 0.1s | Iter Loss 0.0399 | Iter Mean Loss 0.0439
2024-12-09 00:15:43,255 - root - INFO - CF Training: Epoch 0025 Iter 0200 / 0314 | Time 0.1s | Iter Loss 0.0365 | Iter Mean Loss 0.0430
2024-12-09 00:15:45,822 - root - INFO - CF Training: Epoch 0025 Iter 0250 / 0314 | Time 0.1s | Iter Loss 0.0468 | Iter Mean Loss 0.0428
2024-12-09 00:15:48,316 - root - INFO - CF Training: Epoch 0025 Iter 0300 / 0314 | Time 0.0s | Iter Loss 0.0434 | Iter Mean Loss 0.0428
2024-12-09 00:15:48,991 - root - INFO - CF Training: Epoch 0025 Total Iter 0314 | Total Time 17.4s | Iter Mean Loss 0.0429
2024-12-09 00:16:13,435 - root - INFO - CF Evaluation: Epoch 0025 | Total Time 24.4s | Precision [0.3094, 0.0795], Recall [0.3094, 0.7945], NDCG [0.3094, 0.5344]
2024-12-09 00:16:13,460 - root - INFO - Save model on epoch 0025!
2024-12-09 00:16:16,030 - root - INFO - CF Training: Epoch 0026 Iter 0050 / 0314 | Time 0.1s | Iter Loss 0.0436 | Iter Mean Loss 0.0429
2024-12-09 00:16:18,563 - root - INFO - CF Training: Epoch 0026 Iter 0100 / 0314 | Time 0.1s | Iter Loss 0.0398 | Iter Mean Loss 0.0425
2024-12-09 00:16:21,141 - root - INFO - CF Training: Epoch 0026 Iter 0150 / 0314 | Time 0.1s | Iter Loss 0.0369 | Iter Mean Loss 0.0419
2024-12-09 00:16:24,249 - root - INFO - CF Training: Epoch 0026 Iter 0200 / 0314 | Time 0.1s | Iter Loss 0.0317 | Iter Mean Loss 0.0415
2024-12-09 00:16:27,914 - root - INFO - CF Training: Epoch 0026 Iter 0250 / 0314 | Time 0.1s | Iter Loss 0.0490 | Iter Mean Loss 0.0411
2024-12-09 00:16:30,480 - root - INFO - CF Training: Epoch 0026 Iter 0300 / 0314 | Time 0.0s | Iter Loss 0.0488 | Iter Mean Loss 0.0411
2024-12-09 00:16:31,185 - root - INFO - CF Training: Epoch 0026 Total Iter 0314 | Total Time 17.7s | Iter Mean Loss 0.0410
2024-12-09 00:16:33,697 - root - INFO - CF Training: Epoch 0027 Iter 0050 / 0314 | Time 0.0s | Iter Loss 0.0313 | Iter Mean Loss 0.0409
2024-12-09 00:16:36,216 - root - INFO - CF Training: Epoch 0027 Iter 0100 / 0314 | Time 0.1s | Iter Loss 0.0263 | Iter Mean Loss 0.0406
2024-12-09 00:16:39,400 - root - INFO - CF Training: Epoch 0027 Iter 0150 / 0314 | Time 0.1s | Iter Loss 0.0438 | Iter Mean Loss 0.0405
2024-12-09 00:16:42,918 - root - INFO - CF Training: Epoch 0027 Iter 0200 / 0314 | Time 0.0s | Iter Loss 0.0372 | Iter Mean Loss 0.0401
2024-12-09 00:16:45,450 - root - INFO - CF Training: Epoch 0027 Iter 0250 / 0314 | Time 0.0s | Iter Loss 0.0278 | Iter Mean Loss 0.0398
2024-12-09 00:16:47,957 - root - INFO - CF Training: Epoch 0027 Iter 0300 / 0314 | Time 0.0s | Iter Loss 0.0447 | Iter Mean Loss 0.0394
2024-12-09 00:16:48,653 - root - INFO - CF Training: Epoch 0027 Total Iter 0314 | Total Time 17.5s | Iter Mean Loss 0.0395
2024-12-09 00:16:51,170 - root - INFO - CF Training: Epoch 0028 Iter 0050 / 0314 | Time 0.0s | Iter Loss 0.0365 | Iter Mean Loss 0.0374
2024-12-09 00:16:54,412 - root - INFO - CF Training: Epoch 0028 Iter 0100 / 0314 | Time 0.1s | Iter Loss 0.0448 | Iter Mean Loss 0.0369
2024-12-09 00:16:57,817 - root - INFO - CF Training: Epoch 0028 Iter 0150 / 0314 | Time 0.1s | Iter Loss 0.0361 | Iter Mean Loss 0.0379
2024-12-09 00:17:00,294 - root - INFO - CF Training: Epoch 0028 Iter 0200 / 0314 | Time 0.0s | Iter Loss 0.0444 | Iter Mean Loss 0.0380
2024-12-09 00:17:02,798 - root - INFO - CF Training: Epoch 0028 Iter 0250 / 0314 | Time 0.1s | Iter Loss 0.0305 | Iter Mean Loss 0.0381
2024-12-09 00:17:05,305 - root - INFO - CF Training: Epoch 0028 Iter 0300 / 0314 | Time 0.0s | Iter Loss 0.0327 | Iter Mean Loss 0.0378
2024-12-09 00:17:05,996 - root - INFO - CF Training: Epoch 0028 Total Iter 0314 | Total Time 17.3s | Iter Mean Loss 0.0378
2024-12-09 00:17:09,211 - root - INFO - CF Training: Epoch 0029 Iter 0050 / 0314 | Time 0.1s | Iter Loss 0.0457 | Iter Mean Loss 0.0363
2024-12-09 00:17:12,559 - root - INFO - CF Training: Epoch 0029 Iter 0100 / 0314 | Time 0.0s | Iter Loss 0.0520 | Iter Mean Loss 0.0365
2024-12-09 00:17:15,063 - root - INFO - CF Training: Epoch 0029 Iter 0150 / 0314 | Time 0.0s | Iter Loss 0.0373 | Iter Mean Loss 0.0367
2024-12-09 00:17:17,581 - root - INFO - CF Training: Epoch 0029 Iter 0200 / 0314 | Time 0.0s | Iter Loss 0.0330 | Iter Mean Loss 0.0367
2024-12-09 00:17:20,086 - root - INFO - CF Training: Epoch 0029 Iter 0250 / 0314 | Time 0.0s | Iter Loss 0.0337 | Iter Mean Loss 0.0364
2024-12-09 00:17:23,037 - root - INFO - CF Training: Epoch 0029 Iter 0300 / 0314 | Time 0.1s | Iter Loss 0.0441 | Iter Mean Loss 0.0365
2024-12-09 00:17:24,055 - root - INFO - CF Training: Epoch 0029 Total Iter 0314 | Total Time 18.1s | Iter Mean Loss 0.0367
2024-12-09 00:17:27,417 - root - INFO - CF Training: Epoch 0030 Iter 0050 / 0314 | Time 0.0s | Iter Loss 0.0410 | Iter Mean Loss 0.0353
2024-12-09 00:17:29,991 - root - INFO - CF Training: Epoch 0030 Iter 0100 / 0314 | Time 0.1s | Iter Loss 0.0332 | Iter Mean Loss 0.0352
2024-12-09 00:17:32,461 - root - INFO - CF Training: Epoch 0030 Iter 0150 / 0314 | Time 0.1s | Iter Loss 0.0322 | Iter Mean Loss 0.0350
2024-12-09 00:17:34,931 - root - INFO - CF Training: Epoch 0030 Iter 0200 / 0314 | Time 0.0s | Iter Loss 0.0396 | Iter Mean Loss 0.0346
2024-12-09 00:17:37,917 - root - INFO - CF Training: Epoch 0030 Iter 0250 / 0314 | Time 0.1s | Iter Loss 0.0329 | Iter Mean Loss 0.0343
2024-12-09 00:17:41,537 - root - INFO - CF Training: Epoch 0030 Iter 0300 / 0314 | Time 0.0s | Iter Loss 0.0499 | Iter Mean Loss 0.0346
2024-12-09 00:17:42,225 - root - INFO - CF Training: Epoch 0030 Total Iter 0314 | Total Time 18.2s | Iter Mean Loss 0.0348
2024-12-09 00:18:03,660 - root - INFO - CF Evaluation: Epoch 0030 | Total Time 21.4s | Precision [0.3227, 0.0828], Recall [0.3227, 0.8284], NDCG [0.3227, 0.5577]
2024-12-09 00:18:03,682 - root - INFO - Save model on epoch 0030!
2024-12-09 00:18:06,438 - root - INFO - CF Training: Epoch 0031 Iter 0050 / 0314 | Time 0.1s | Iter Loss 0.0381 | Iter Mean Loss 0.0339
2024-12-09 00:18:10,183 - root - INFO - CF Training: Epoch 0031 Iter 0100 / 0314 | Time 0.1s | Iter Loss 0.0374 | Iter Mean Loss 0.0342
2024-12-09 00:18:12,756 - root - INFO - CF Training: Epoch 0031 Iter 0150 / 0314 | Time 0.0s | Iter Loss 0.0296 | Iter Mean Loss 0.0345
2024-12-09 00:18:15,280 - root - INFO - CF Training: Epoch 0031 Iter 0200 / 0314 | Time 0.1s | Iter Loss 0.0310 | Iter Mean Loss 0.0346
2024-12-09 00:18:17,771 - root - INFO - CF Training: Epoch 0031 Iter 0250 / 0314 | Time 0.1s | Iter Loss 0.0282 | Iter Mean Loss 0.0346
2024-12-09 00:18:20,266 - root - INFO - CF Training: Epoch 0031 Iter 0300 / 0314 | Time 0.0s | Iter Loss 0.0262 | Iter Mean Loss 0.0343
2024-12-09 00:18:21,294 - root - INFO - CF Training: Epoch 0031 Total Iter 0314 | Total Time 17.6s | Iter Mean Loss 0.0342
2024-12-09 00:18:25,064 - root - INFO - CF Training: Epoch 0032 Iter 0050 / 0314 | Time 0.0s | Iter Loss 0.0387 | Iter Mean Loss 0.0336
2024-12-09 00:18:27,574 - root - INFO - CF Training: Epoch 0032 Iter 0100 / 0314 | Time 0.0s | Iter Loss 0.0409 | Iter Mean Loss 0.0335
2024-12-09 00:18:30,024 - root - INFO - CF Training: Epoch 0032 Iter 0150 / 0314 | Time 0.0s | Iter Loss 0.0254 | Iter Mean Loss 0.0335
2024-12-09 00:18:32,582 - root - INFO - CF Training: Epoch 0032 Iter 0200 / 0314 | Time 0.0s | Iter Loss 0.0267 | Iter Mean Loss 0.0335
2024-12-09 00:18:35,161 - root - INFO - CF Training: Epoch 0032 Iter 0250 / 0314 | Time 0.1s | Iter Loss 0.0289 | Iter Mean Loss 0.0335
2024-12-09 00:18:38,956 - root - INFO - CF Training: Epoch 0032 Iter 0300 / 0314 | Time 0.1s | Iter Loss 0.0205 | Iter Mean Loss 0.0337
2024-12-09 00:18:39,942 - root - INFO - CF Training: Epoch 0032 Total Iter 0314 | Total Time 18.6s | Iter Mean Loss 0.0336
2024-12-09 00:18:42,470 - root - INFO - CF Training: Epoch 0033 Iter 0050 / 0314 | Time 0.0s | Iter Loss 0.0265 | Iter Mean Loss 0.0323
2024-12-09 00:18:45,004 - root - INFO - CF Training: Epoch 0033 Iter 0100 / 0314 | Time 0.0s | Iter Loss 0.0284 | Iter Mean Loss 0.0318
2024-12-09 00:18:47,494 - root - INFO - CF Training: Epoch 0033 Iter 0150 / 0314 | Time 0.0s | Iter Loss 0.0392 | Iter Mean Loss 0.0319
2024-12-09 00:18:50,131 - root - INFO - CF Training: Epoch 0033 Iter 0200 / 0314 | Time 0.1s | Iter Loss 0.0379 | Iter Mean Loss 0.0323
2024-12-09 00:18:53,899 - root - INFO - CF Training: Epoch 0033 Iter 0250 / 0314 | Time 0.1s | Iter Loss 0.0388 | Iter Mean Loss 0.0322
2024-12-09 00:18:56,629 - root - INFO - CF Training: Epoch 0033 Iter 0300 / 0314 | Time 0.0s | Iter Loss 0.0225 | Iter Mean Loss 0.0323
2024-12-09 00:18:57,320 - root - INFO - CF Training: Epoch 0033 Total Iter 0314 | Total Time 17.4s | Iter Mean Loss 0.0322
2024-12-09 00:18:59,830 - root - INFO - CF Training: Epoch 0034 Iter 0050 / 0314 | Time 0.0s | Iter Loss 0.0401 | Iter Mean Loss 0.0307
2024-12-09 00:19:02,316 - root - INFO - CF Training: Epoch 0034 Iter 0100 / 0314 | Time 0.0s | Iter Loss 0.0270 | Iter Mean Loss 0.0319
2024-12-09 00:19:05,053 - root - INFO - CF Training: Epoch 0034 Iter 0150 / 0314 | Time 0.1s | Iter Loss 0.0388 | Iter Mean Loss 0.0324
2024-12-09 00:19:08,838 - root - INFO - CF Training: Epoch 0034 Iter 0200 / 0314 | Time 0.1s | Iter Loss 0.0169 | Iter Mean Loss 0.0318
2024-12-09 00:19:11,454 - root - INFO - CF Training: Epoch 0034 Iter 0250 / 0314 | Time 0.0s | Iter Loss 0.0411 | Iter Mean Loss 0.0318
2024-12-09 00:19:13,970 - root - INFO - CF Training: Epoch 0034 Iter 0300 / 0314 | Time 0.0s | Iter Loss 0.0424 | Iter Mean Loss 0.0317
2024-12-09 00:19:14,669 - root - INFO - CF Training: Epoch 0034 Total Iter 0314 | Total Time 17.3s | Iter Mean Loss 0.0318
2024-12-09 00:19:17,103 - root - INFO - CF Training: Epoch 0035 Iter 0050 / 0314 | Time 0.0s | Iter Loss 0.0379 | Iter Mean Loss 0.0321
2024-12-09 00:19:19,945 - root - INFO - CF Training: Epoch 0035 Iter 0100 / 0314 | Time 0.1s | Iter Loss 0.0311 | Iter Mean Loss 0.0319
2024-12-09 00:19:23,773 - root - INFO - CF Training: Epoch 0035 Iter 0150 / 0314 | Time 0.1s | Iter Loss 0.0416 | Iter Mean Loss 0.0321
2024-12-09 00:19:26,266 - root - INFO - CF Training: Epoch 0035 Iter 0200 / 0314 | Time 0.0s | Iter Loss 0.0295 | Iter Mean Loss 0.0319
2024-12-09 00:19:28,709 - root - INFO - CF Training: Epoch 0035 Iter 0250 / 0314 | Time 0.0s | Iter Loss 0.0241 | Iter Mean Loss 0.0318
2024-12-09 00:19:31,176 - root - INFO - CF Training: Epoch 0035 Iter 0300 / 0314 | Time 0.0s | Iter Loss 0.0306 | Iter Mean Loss 0.0316
2024-12-09 00:19:31,901 - root - INFO - CF Training: Epoch 0035 Total Iter 0314 | Total Time 17.2s | Iter Mean Loss 0.0315
2024-12-09 00:19:54,990 - root - INFO - CF Evaluation: Epoch 0035 | Total Time 23.1s | Precision [0.3242, 0.0831], Recall [0.3242, 0.8309], NDCG [0.3242, 0.5604]
2024-12-09 00:19:55,015 - root - INFO - Save model on epoch 0035!
2024-12-09 00:19:57,563 - root - INFO - CF Training: Epoch 0036 Iter 0050 / 0314 | Time 0.0s | Iter Loss 0.0193 | Iter Mean Loss 0.0303
2024-12-09 00:20:00,086 - root - INFO - CF Training: Epoch 0036 Iter 0100 / 0314 | Time 0.0s | Iter Loss 0.0328 | Iter Mean Loss 0.0303
2024-12-09 00:20:02,637 - root - INFO - CF Training: Epoch 0036 Iter 0150 / 0314 | Time 0.0s | Iter Loss 0.0280 | Iter Mean Loss 0.0311
2024-12-09 00:20:06,344 - root - INFO - CF Training: Epoch 0036 Iter 0200 / 0314 | Time 0.1s | Iter Loss 0.0361 | Iter Mean Loss 0.0307
2024-12-09 00:20:09,257 - root - INFO - CF Training: Epoch 0036 Iter 0250 / 0314 | Time 0.0s | Iter Loss 0.0317 | Iter Mean Loss 0.0302
2024-12-09 00:20:11,798 - root - INFO - CF Training: Epoch 0036 Iter 0300 / 0314 | Time 0.0s | Iter Loss 0.0198 | Iter Mean Loss 0.0301
2024-12-09 00:20:12,541 - root - INFO - CF Training: Epoch 0036 Total Iter 0314 | Total Time 17.5s | Iter Mean Loss 0.0301
2024-12-09 00:20:15,053 - root - INFO - CF Training: Epoch 0037 Iter 0050 / 0314 | Time 0.1s | Iter Loss 0.0354 | Iter Mean Loss 0.0312
2024-12-09 00:20:17,561 - root - INFO - CF Training: Epoch 0037 Iter 0100 / 0314 | Time 0.1s | Iter Loss 0.0226 | Iter Mean Loss 0.0303
2024-12-09 00:20:21,332 - root - INFO - CF Training: Epoch 0037 Iter 0150 / 0314 | Time 0.1s | Iter Loss 0.0289 | Iter Mean Loss 0.0303
2024-12-09 00:20:24,167 - root - INFO - CF Training: Epoch 0037 Iter 0200 / 0314 | Time 0.1s | Iter Loss 0.0335 | Iter Mean Loss 0.0298
2024-12-09 00:20:26,664 - root - INFO - CF Training: Epoch 0037 Iter 0250 / 0314 | Time 0.0s | Iter Loss 0.0230 | Iter Mean Loss 0.0297
2024-12-09 00:20:29,108 - root - INFO - CF Training: Epoch 0037 Iter 0300 / 0314 | Time 0.0s | Iter Loss 0.0163 | Iter Mean Loss 0.0295
2024-12-09 00:20:29,807 - root - INFO - CF Training: Epoch 0037 Total Iter 0314 | Total Time 17.3s | Iter Mean Loss 0.0295
2024-12-09 00:20:32,289 - root - INFO - CF Training: Epoch 0038 Iter 0050 / 0314 | Time 0.1s | Iter Loss 0.0192 | Iter Mean Loss 0.0289
2024-12-09 00:20:36,060 - root - INFO - CF Training: Epoch 0038 Iter 0100 / 0314 | Time 0.1s | Iter Loss 0.0264 | Iter Mean Loss 0.0274
2024-12-09 00:20:38,869 - root - INFO - CF Training: Epoch 0038 Iter 0150 / 0314 | Time 0.0s | Iter Loss 0.0197 | Iter Mean Loss 0.0283
2024-12-09 00:20:41,328 - root - INFO - CF Training: Epoch 0038 Iter 0200 / 0314 | Time 0.0s | Iter Loss 0.0360 | Iter Mean Loss 0.0284
2024-12-09 00:20:43,855 - root - INFO - CF Training: Epoch 0038 Iter 0250 / 0314 | Time 0.0s | Iter Loss 0.0250 | Iter Mean Loss 0.0284
2024-12-09 00:20:46,362 - root - INFO - CF Training: Epoch 0038 Iter 0300 / 0314 | Time 0.1s | Iter Loss 0.0250 | Iter Mean Loss 0.0283
2024-12-09 00:20:47,142 - root - INFO - CF Training: Epoch 0038 Total Iter 0314 | Total Time 17.3s | Iter Mean Loss 0.0283
2024-12-09 00:20:50,884 - root - INFO - CF Training: Epoch 0039 Iter 0050 / 0314 | Time 0.1s | Iter Loss 0.0297 | Iter Mean Loss 0.0284
2024-12-09 00:20:53,709 - root - INFO - CF Training: Epoch 0039 Iter 0100 / 0314 | Time 0.0s | Iter Loss 0.0314 | Iter Mean Loss 0.0288
2024-12-09 00:20:56,256 - root - INFO - CF Training: Epoch 0039 Iter 0150 / 0314 | Time 0.0s | Iter Loss 0.0242 | Iter Mean Loss 0.0287
2024-12-09 00:20:58,724 - root - INFO - CF Training: Epoch 0039 Iter 0200 / 0314 | Time 0.0s | Iter Loss 0.0327 | Iter Mean Loss 0.0290
2024-12-09 00:21:01,245 - root - INFO - CF Training: Epoch 0039 Iter 0250 / 0314 | Time 0.0s | Iter Loss 0.0228 | Iter Mean Loss 0.0287
2024-12-09 00:21:04,742 - root - INFO - CF Training: Epoch 0039 Iter 0300 / 0314 | Time 0.1s | Iter Loss 0.0380 | Iter Mean Loss 0.0285
2024-12-09 00:21:05,850 - root - INFO - CF Training: Epoch 0039 Total Iter 0314 | Total Time 18.7s | Iter Mean Loss 0.0285
2024-12-09 00:21:08,534 - root - INFO - CF Training: Epoch 0040 Iter 0050 / 0314 | Time 0.0s | Iter Loss 0.0232 | Iter Mean Loss 0.0281
2024-12-09 00:21:11,065 - root - INFO - CF Training: Epoch 0040 Iter 0100 / 0314 | Time 0.0s | Iter Loss 0.0095 | Iter Mean Loss 0.0282
2024-12-09 00:21:13,569 - root - INFO - CF Training: Epoch 0040 Iter 0150 / 0314 | Time 0.0s | Iter Loss 0.0398 | Iter Mean Loss 0.0284
2024-12-09 00:21:16,045 - root - INFO - CF Training: Epoch 0040 Iter 0200 / 0314 | Time 0.0s | Iter Loss 0.0244 | Iter Mean Loss 0.0279
2024-12-09 00:21:19,632 - root - INFO - CF Training: Epoch 0040 Iter 0250 / 0314 | Time 0.1s | Iter Loss 0.0284 | Iter Mean Loss 0.0279
2024-12-09 00:21:22,579 - root - INFO - CF Training: Epoch 0040 Iter 0300 / 0314 | Time 0.0s | Iter Loss 0.0345 | Iter Mean Loss 0.0279
2024-12-09 00:21:23,270 - root - INFO - CF Training: Epoch 0040 Total Iter 0314 | Total Time 17.4s | Iter Mean Loss 0.0278
2024-12-09 00:21:44,892 - root - INFO - CF Evaluation: Epoch 0040 | Total Time 21.6s | Precision [0.3542, 0.0840], Recall [0.3542, 0.8397], NDCG [0.3542, 0.5822]
2024-12-09 00:21:44,916 - root - INFO - Save model on epoch 0040!
2024-12-09 00:21:48,463 - root - INFO - CF Training: Epoch 0041 Iter 0050 / 0314 | Time 0.1s | Iter Loss 0.0305 | Iter Mean Loss 0.0278
2024-12-09 00:21:51,722 - root - INFO - CF Training: Epoch 0041 Iter 0100 / 0314 | Time 0.1s | Iter Loss 0.0163 | Iter Mean Loss 0.0287
2024-12-09 00:21:54,369 - root - INFO - CF Training: Epoch 0041 Iter 0150 / 0314 | Time 0.1s | Iter Loss 0.0249 | Iter Mean Loss 0.0280
2024-12-09 00:21:56,947 - root - INFO - CF Training: Epoch 0041 Iter 0200 / 0314 | Time 0.0s | Iter Loss 0.0308 | Iter Mean Loss 0.0276
2024-12-09 00:21:59,474 - root - INFO - CF Training: Epoch 0041 Iter 0250 / 0314 | Time 0.0s | Iter Loss 0.0210 | Iter Mean Loss 0.0272
2024-12-09 00:22:02,849 - root - INFO - CF Training: Epoch 0041 Iter 0300 / 0314 | Time 0.1s | Iter Loss 0.0222 | Iter Mean Loss 0.0270
2024-12-09 00:22:03,972 - root - INFO - CF Training: Epoch 0041 Total Iter 0314 | Total Time 19.1s | Iter Mean Loss 0.0270
2024-12-09 00:22:06,903 - root - INFO - CF Training: Epoch 0042 Iter 0050 / 0314 | Time 0.1s | Iter Loss 0.0239 | Iter Mean Loss 0.0283
2024-12-09 00:22:09,483 - root - INFO - CF Training: Epoch 0042 Iter 0100 / 0314 | Time 0.1s | Iter Loss 0.0229 | Iter Mean Loss 0.0269
2024-12-09 00:22:12,054 - root - INFO - CF Training: Epoch 0042 Iter 0150 / 0314 | Time 0.1s | Iter Loss 0.0352 | Iter Mean Loss 0.0266
2024-12-09 00:22:14,637 - root - INFO - CF Training: Epoch 0042 Iter 0200 / 0314 | Time 0.1s | Iter Loss 0.0268 | Iter Mean Loss 0.0265
2024-12-09 00:22:18,351 - root - INFO - CF Training: Epoch 0042 Iter 0250 / 0314 | Time 0.1s | Iter Loss 0.0310 | Iter Mean Loss 0.0265
2024-12-09 00:22:21,407 - root - INFO - CF Training: Epoch 0042 Iter 0300 / 0314 | Time 0.1s | Iter Loss 0.0257 | Iter Mean Loss 0.0265
2024-12-09 00:22:22,134 - root - INFO - CF Training: Epoch 0042 Total Iter 0314 | Total Time 18.2s | Iter Mean Loss 0.0266
2024-12-09 00:22:24,702 - root - INFO - CF Training: Epoch 0043 Iter 0050 / 0314 | Time 0.1s | Iter Loss 0.0217 | Iter Mean Loss 0.0274
2024-12-09 00:22:27,260 - root - INFO - CF Training: Epoch 0043 Iter 0100 / 0314 | Time 0.1s | Iter Loss 0.0167 | Iter Mean Loss 0.0258
2024-12-09 00:22:29,882 - root - INFO - CF Training: Epoch 0043 Iter 0150 / 0314 | Time 0.1s | Iter Loss 0.0141 | Iter Mean Loss 0.0260
2024-12-09 00:22:33,764 - root - INFO - CF Training: Epoch 0043 Iter 0200 / 0314 | Time 0.1s | Iter Loss 0.0384 | Iter Mean Loss 0.0260
2024-12-09 00:22:36,683 - root - INFO - CF Training: Epoch 0043 Iter 0250 / 0314 | Time 0.1s | Iter Loss 0.0159 | Iter Mean Loss 0.0260
2024-12-09 00:22:39,274 - root - INFO - CF Training: Epoch 0043 Iter 0300 / 0314 | Time 0.1s | Iter Loss 0.0279 | Iter Mean Loss 0.0259
2024-12-09 00:22:40,010 - root - INFO - CF Training: Epoch 0043 Total Iter 0314 | Total Time 17.9s | Iter Mean Loss 0.0259
2024-12-09 00:22:42,629 - root - INFO - CF Training: Epoch 0044 Iter 0050 / 0314 | Time 0.0s | Iter Loss 0.0299 | Iter Mean Loss 0.0242
2024-12-09 00:22:45,486 - root - INFO - CF Training: Epoch 0044 Iter 0100 / 0314 | Time 0.1s | Iter Loss 0.0155 | Iter Mean Loss 0.0250
2024-12-09 00:22:49,395 - root - INFO - CF Training: Epoch 0044 Iter 0150 / 0314 | Time 0.1s | Iter Loss 0.0319 | Iter Mean Loss 0.0252
2024-12-09 00:22:52,033 - root - INFO - CF Training: Epoch 0044 Iter 0200 / 0314 | Time 0.1s | Iter Loss 0.0321 | Iter Mean Loss 0.0250
2024-12-09 00:22:54,693 - root - INFO - CF Training: Epoch 0044 Iter 0250 / 0314 | Time 0.0s | Iter Loss 0.0289 | Iter Mean Loss 0.0253
2024-12-09 00:22:57,294 - root - INFO - CF Training: Epoch 0044 Iter 0300 / 0314 | Time 0.1s | Iter Loss 0.0203 | Iter Mean Loss 0.0250
2024-12-09 00:22:58,027 - root - INFO - CF Training: Epoch 0044 Total Iter 0314 | Total Time 18.0s | Iter Mean Loss 0.0251
2024-12-09 00:23:01,122 - root - INFO - CF Training: Epoch 0045 Iter 0050 / 0314 | Time 0.1s | Iter Loss 0.0263 | Iter Mean Loss 0.0244
2024-12-09 00:23:04,757 - root - INFO - CF Training: Epoch 0045 Iter 0100 / 0314 | Time 0.0s | Iter Loss 0.0238 | Iter Mean Loss 0.0248
2024-12-09 00:23:07,339 - root - INFO - CF Training: Epoch 0045 Iter 0150 / 0314 | Time 0.0s | Iter Loss 0.0169 | Iter Mean Loss 0.0251
2024-12-09 00:23:09,878 - root - INFO - CF Training: Epoch 0045 Iter 0200 / 0314 | Time 0.0s | Iter Loss 0.0179 | Iter Mean Loss 0.0247
2024-12-09 00:23:12,458 - root - INFO - CF Training: Epoch 0045 Iter 0250 / 0314 | Time 0.1s | Iter Loss 0.0166 | Iter Mean Loss 0.0248
2024-12-09 00:23:15,414 - root - INFO - CF Training: Epoch 0045 Iter 0300 / 0314 | Time 0.1s | Iter Loss 0.0249 | Iter Mean Loss 0.0246
2024-12-09 00:23:16,461 - root - INFO - CF Training: Epoch 0045 Total Iter 0314 | Total Time 18.4s | Iter Mean Loss 0.0247
2024-12-09 00:23:38,560 - root - INFO - CF Evaluation: Epoch 0045 | Total Time 22.1s | Precision [0.3456, 0.0828], Recall [0.3456, 0.8282], NDCG [0.3456, 0.5744]
2024-12-09 00:23:41,079 - root - INFO - CF Training: Epoch 0046 Iter 0050 / 0314 | Time 0.0s | Iter Loss 0.0250 | Iter Mean Loss 0.0235
2024-12-09 00:23:43,794 - root - INFO - CF Training: Epoch 0046 Iter 0100 / 0314 | Time 0.1s | Iter Loss 0.0345 | Iter Mean Loss 0.0246
2024-12-09 00:23:47,714 - root - INFO - CF Training: Epoch 0046 Iter 0150 / 0314 | Time 0.1s | Iter Loss 0.0159 | Iter Mean Loss 0.0242
2024-12-09 00:23:50,448 - root - INFO - CF Training: Epoch 0046 Iter 0200 / 0314 | Time 0.1s | Iter Loss 0.0195 | Iter Mean Loss 0.0241
2024-12-09 00:23:52,954 - root - INFO - CF Training: Epoch 0046 Iter 0250 / 0314 | Time 0.0s | Iter Loss 0.0201 | Iter Mean Loss 0.0243
2024-12-09 00:23:55,466 - root - INFO - CF Training: Epoch 0046 Iter 0300 / 0314 | Time 0.0s | Iter Loss 0.0145 | Iter Mean Loss 0.0244
2024-12-09 00:23:56,180 - root - INFO - CF Training: Epoch 0046 Total Iter 0314 | Total Time 17.6s | Iter Mean Loss 0.0244
2024-12-09 00:23:58,986 - root - INFO - CF Training: Epoch 0047 Iter 0050 / 0314 | Time 0.1s | Iter Loss 0.0213 | Iter Mean Loss 0.0229
2024-12-09 00:24:02,791 - root - INFO - CF Training: Epoch 0047 Iter 0100 / 0314 | Time 0.1s | Iter Loss 0.0166 | Iter Mean Loss 0.0237
2024-12-09 00:24:05,355 - root - INFO - CF Training: Epoch 0047 Iter 0150 / 0314 | Time 0.0s | Iter Loss 0.0272 | Iter Mean Loss 0.0240
2024-12-09 00:24:07,935 - root - INFO - CF Training: Epoch 0047 Iter 0200 / 0314 | Time 0.0s | Iter Loss 0.0216 | Iter Mean Loss 0.0242
2024-12-09 00:24:10,465 - root - INFO - CF Training: Epoch 0047 Iter 0250 / 0314 | Time 0.1s | Iter Loss 0.0265 | Iter Mean Loss 0.0247
2024-12-09 00:24:13,194 - root - INFO - CF Training: Epoch 0047 Iter 0300 / 0314 | Time 0.1s | Iter Loss 0.0191 | Iter Mean Loss 0.0247
2024-12-09 00:24:14,281 - root - INFO - CF Training: Epoch 0047 Total Iter 0314 | Total Time 18.1s | Iter Mean Loss 0.0247
2024-12-09 00:24:18,037 - root - INFO - CF Training: Epoch 0048 Iter 0050 / 0314 | Time 0.1s | Iter Loss 0.0223 | Iter Mean Loss 0.0225
2024-12-09 00:24:20,572 - root - INFO - CF Training: Epoch 0048 Iter 0100 / 0314 | Time 0.1s | Iter Loss 0.0359 | Iter Mean Loss 0.0238
2024-12-09 00:24:23,134 - root - INFO - CF Training: Epoch 0048 Iter 0150 / 0314 | Time 0.1s | Iter Loss 0.0169 | Iter Mean Loss 0.0234
2024-12-09 00:24:25,698 - root - INFO - CF Training: Epoch 0048 Iter 0200 / 0314 | Time 0.0s | Iter Loss 0.0274 | Iter Mean Loss 0.0234
2024-12-09 00:24:28,514 - root - INFO - CF Training: Epoch 0048 Iter 0250 / 0314 | Time 0.1s | Iter Loss 0.0165 | Iter Mean Loss 0.0236
2024-12-09 00:24:32,194 - root - INFO - CF Training: Epoch 0048 Iter 0300 / 0314 | Time 0.1s | Iter Loss 0.0198 | Iter Mean Loss 0.0238
2024-12-09 00:24:33,005 - root - INFO - CF Training: Epoch 0048 Total Iter 0314 | Total Time 18.7s | Iter Mean Loss 0.0238
2024-12-09 00:24:35,502 - root - INFO - CF Training: Epoch 0049 Iter 0050 / 0314 | Time 0.0s | Iter Loss 0.0369 | Iter Mean Loss 0.0245
2024-12-09 00:24:38,069 - root - INFO - CF Training: Epoch 0049 Iter 0100 / 0314 | Time 0.0s | Iter Loss 0.0194 | Iter Mean Loss 0.0238
2024-12-09 00:24:40,581 - root - INFO - CF Training: Epoch 0049 Iter 0150 / 0314 | Time 0.0s | Iter Loss 0.0231 | Iter Mean Loss 0.0233
2024-12-09 00:24:43,472 - root - INFO - CF Training: Epoch 0049 Iter 0200 / 0314 | Time 0.1s | Iter Loss 0.0227 | Iter Mean Loss 0.0233
2024-12-09 00:24:47,290 - root - INFO - CF Training: Epoch 0049 Iter 0250 / 0314 | Time 0.1s | Iter Loss 0.0361 | Iter Mean Loss 0.0237
2024-12-09 00:24:49,823 - root - INFO - CF Training: Epoch 0049 Iter 0300 / 0314 | Time 0.1s | Iter Loss 0.0199 | Iter Mean Loss 0.0237
2024-12-09 00:24:50,530 - root - INFO - CF Training: Epoch 0049 Total Iter 0314 | Total Time 17.5s | Iter Mean Loss 0.0237
2024-12-09 00:24:53,008 - root - INFO - CF Training: Epoch 0050 Iter 0050 / 0314 | Time 0.1s | Iter Loss 0.0167 | Iter Mean Loss 0.0220
2024-12-09 00:24:55,507 - root - INFO - CF Training: Epoch 0050 Iter 0100 / 0314 | Time 0.1s | Iter Loss 0.0212 | Iter Mean Loss 0.0225
2024-12-09 00:24:58,420 - root - INFO - CF Training: Epoch 0050 Iter 0150 / 0314 | Time 0.1s | Iter Loss 0.0217 | Iter Mean Loss 0.0232
2024-12-09 00:25:02,177 - root - INFO - CF Training: Epoch 0050 Iter 0200 / 0314 | Time 0.0s | Iter Loss 0.0199 | Iter Mean Loss 0.0229
2024-12-09 00:25:04,725 - root - INFO - CF Training: Epoch 0050 Iter 0250 / 0314 | Time 0.0s | Iter Loss 0.0280 | Iter Mean Loss 0.0228
2024-12-09 00:25:07,275 - root - INFO - CF Training: Epoch 0050 Iter 0300 / 0314 | Time 0.1s | Iter Loss 0.0218 | Iter Mean Loss 0.0227
2024-12-09 00:25:07,972 - root - INFO - CF Training: Epoch 0050 Total Iter 0314 | Total Time 17.4s | Iter Mean Loss 0.0227
2024-12-09 00:25:31,438 - root - INFO - CF Evaluation: Epoch 0050 | Total Time 23.5s | Precision [0.3712, 0.0858], Recall [0.3712, 0.8582], NDCG [0.3712, 0.6035]
2024-12-09 00:25:31,462 - root - INFO - Save model on epoch 0050!
2024-12-09 00:25:31,481 - root - INFO - Best CF Evaluation: Epoch 0050 | Precision [0.3712, 0.0858], Recall [0.3712, 0.8582], NDCG [0.3712, 0.6035]
