2024-12-09 00:12:04,345 - root - INFO - Namespace(seed=2019, model_type='nfm', data_name='KGAT_data', data_dir='./', use_user_info=1, use_pretrain=0, pretrain_embedding_dir='datasets/pretrain/', pretrain_model_path='trained_model/model.pth', embed_dim=64, hidden_dim_list='[64, 32, 16]', mess_dropout='[0.1, 0.1, 0.1]', l2loss_lambda=1e-05, train_batch_size=1024, test_batch_size=1024, test_cores=0, lr=0.0001, n_epoch=50, stopping_steps=10, print_every=50, evaluate_every=5, Ks='[1, 5, 10]', save_dir='trained_model/NFM/KGAT_data/nfm_embed-dim64_64-32-16_lr0.0001_pretrain0_user-info1/')
2024-12-09 00:12:17,642 - root - INFO - n_users:              8273
2024-12-09 00:12:17,642 - root - INFO - n_items:              421
2024-12-09 00:12:17,642 - root - INFO - n_entities:           421
2024-12-09 00:12:17,642 - root - INFO - n_user_attr:           10814
2024-12-09 00:12:17,643 - root - INFO - n_users_entities:     11235
2024-12-09 00:12:17,643 - root - INFO - n_cf_train:           321407
2024-12-09 00:12:17,643 - root - INFO - n_cf_test:            8273
2024-12-09 00:12:17,643 - root - INFO - shape of user_matrix: (8273, 10814)
2024-12-09 00:12:17,643 - root - INFO - shape of feat_matrix: (421, 421)
2024-12-09 00:12:17,657 - root - INFO - NFM(
  (linear): Linear(in_features=11235, out_features=1, bias=True)
  (hidden_layers): ModuleList(
    (0): HiddenLayer(
      (linear): Linear(in_features=64, out_features=64, bias=True)
      (activation): ReLU()
      (message_dropout): Dropout(p=0.1, inplace=False)
    )
    (1): HiddenLayer(
      (linear): Linear(in_features=64, out_features=32, bias=True)
      (activation): ReLU()
      (message_dropout): Dropout(p=0.1, inplace=False)
    )
    (2): HiddenLayer(
      (linear): Linear(in_features=32, out_features=16, bias=True)
      (activation): ReLU()
      (message_dropout): Dropout(p=0.1, inplace=False)
    )
  )
  (h): Linear(in_features=16, out_features=1, bias=False)
)
2024-12-09 00:12:23,205 - root - INFO - CF Training: Epoch 0001 Iter 0050 / 0314 | Time 0.1s | Iter Loss 0.4870 | Iter Mean Loss 0.5062
2024-12-09 00:12:26,277 - root - INFO - CF Training: Epoch 0001 Iter 0100 / 0314 | Time 0.1s | Iter Loss 0.4263 | Iter Mean Loss 0.4715
2024-12-09 00:12:29,419 - root - INFO - CF Training: Epoch 0001 Iter 0150 / 0314 | Time 0.1s | Iter Loss 0.3307 | Iter Mean Loss 0.4402
2024-12-09 00:12:33,049 - root - INFO - CF Training: Epoch 0001 Iter 0200 / 0314 | Time 0.1s | Iter Loss 0.2953 | Iter Mean Loss 0.4121
2024-12-09 00:12:36,918 - root - INFO - CF Training: Epoch 0001 Iter 0250 / 0314 | Time 0.1s | Iter Loss 0.2967 | Iter Mean Loss 0.3894
2024-12-09 00:12:40,004 - root - INFO - CF Training: Epoch 0001 Iter 0300 / 0314 | Time 0.1s | Iter Loss 0.2685 | Iter Mean Loss 0.3712
2024-12-09 00:12:40,863 - root - INFO - CF Training: Epoch 0001 Total Iter 0314 | Total Time 21.9s | Iter Mean Loss 0.3668
2024-12-09 00:12:43,939 - root - INFO - CF Training: Epoch 0002 Iter 0050 / 0314 | Time 0.1s | Iter Loss 0.2677 | Iter Mean Loss 0.2643
2024-12-09 00:12:47,792 - root - INFO - CF Training: Epoch 0002 Iter 0100 / 0314 | Time 0.1s | Iter Loss 0.2430 | Iter Mean Loss 0.2584
2024-12-09 00:12:51,753 - root - INFO - CF Training: Epoch 0002 Iter 0150 / 0314 | Time 0.1s | Iter Loss 0.2281 | Iter Mean Loss 0.2540
2024-12-09 00:12:54,835 - root - INFO - CF Training: Epoch 0002 Iter 0200 / 0314 | Time 0.1s | Iter Loss 0.2316 | Iter Mean Loss 0.2486
2024-12-09 00:12:57,872 - root - INFO - CF Training: Epoch 0002 Iter 0250 / 0314 | Time 0.1s | Iter Loss 0.2189 | Iter Mean Loss 0.2426
2024-12-09 00:13:01,193 - root - INFO - CF Training: Epoch 0002 Iter 0300 / 0314 | Time 0.1s | Iter Loss 0.1964 | Iter Mean Loss 0.2368
2024-12-09 00:13:02,441 - root - INFO - CF Training: Epoch 0002 Total Iter 0314 | Total Time 21.6s | Iter Mean Loss 0.2350
2024-12-09 00:13:06,299 - root - INFO - CF Training: Epoch 0003 Iter 0050 / 0314 | Time 0.1s | Iter Loss 0.1861 | Iter Mean Loss 0.1913
2024-12-09 00:13:09,389 - root - INFO - CF Training: Epoch 0003 Iter 0100 / 0314 | Time 0.1s | Iter Loss 0.1739 | Iter Mean Loss 0.1876
2024-12-09 00:13:12,417 - root - INFO - CF Training: Epoch 0003 Iter 0150 / 0314 | Time 0.1s | Iter Loss 0.1798 | Iter Mean Loss 0.1839
2024-12-09 00:13:15,786 - root - INFO - CF Training: Epoch 0003 Iter 0200 / 0314 | Time 0.1s | Iter Loss 0.1418 | Iter Mean Loss 0.1791
2024-12-09 00:13:20,063 - root - INFO - CF Training: Epoch 0003 Iter 0250 / 0314 | Time 0.1s | Iter Loss 0.1561 | Iter Mean Loss 0.1742
2024-12-09 00:13:23,151 - root - INFO - CF Training: Epoch 0003 Iter 0300 / 0314 | Time 0.1s | Iter Loss 0.1250 | Iter Mean Loss 0.1694
2024-12-09 00:13:23,987 - root - INFO - CF Training: Epoch 0003 Total Iter 0314 | Total Time 21.5s | Iter Mean Loss 0.1682
2024-12-09 00:13:27,083 - root - INFO - CF Training: Epoch 0004 Iter 0050 / 0314 | Time 0.1s | Iter Loss 0.1489 | Iter Mean Loss 0.1383
2024-12-09 00:13:30,529 - root - INFO - CF Training: Epoch 0004 Iter 0100 / 0314 | Time 0.1s | Iter Loss 0.1151 | Iter Mean Loss 0.1340
2024-12-09 00:13:34,702 - root - INFO - CF Training: Epoch 0004 Iter 0150 / 0314 | Time 0.1s | Iter Loss 0.1098 | Iter Mean Loss 0.1306
2024-12-09 00:13:37,754 - root - INFO - CF Training: Epoch 0004 Iter 0200 / 0314 | Time 0.1s | Iter Loss 0.1291 | Iter Mean Loss 0.1277
2024-12-09 00:13:40,781 - root - INFO - CF Training: Epoch 0004 Iter 0250 / 0314 | Time 0.1s | Iter Loss 0.1234 | Iter Mean Loss 0.1246
2024-12-09 00:13:43,800 - root - INFO - CF Training: Epoch 0004 Iter 0300 / 0314 | Time 0.1s | Iter Loss 0.1249 | Iter Mean Loss 0.1219
2024-12-09 00:13:45,008 - root - INFO - CF Training: Epoch 0004 Total Iter 0314 | Total Time 21.0s | Iter Mean Loss 0.1213
2024-12-09 00:13:49,316 - root - INFO - CF Training: Epoch 0005 Iter 0050 / 0314 | Time 0.1s | Iter Loss 0.0974 | Iter Mean Loss 0.1037
2024-12-09 00:13:52,335 - root - INFO - CF Training: Epoch 0005 Iter 0100 / 0314 | Time 0.1s | Iter Loss 0.1017 | Iter Mean Loss 0.1002
2024-12-09 00:13:55,382 - root - INFO - CF Training: Epoch 0005 Iter 0150 / 0314 | Time 0.1s | Iter Loss 0.0909 | Iter Mean Loss 0.0988
2024-12-09 00:13:58,494 - root - INFO - CF Training: Epoch 0005 Iter 0200 / 0314 | Time 0.1s | Iter Loss 0.1044 | Iter Mean Loss 0.0965
2024-12-09 00:14:03,095 - root - INFO - CF Training: Epoch 0005 Iter 0250 / 0314 | Time 0.1s | Iter Loss 0.0851 | Iter Mean Loss 0.0950
2024-12-09 00:14:06,233 - root - INFO - CF Training: Epoch 0005 Iter 0300 / 0314 | Time 0.1s | Iter Loss 0.0704 | Iter Mean Loss 0.0935
2024-12-09 00:14:07,107 - root - INFO - CF Training: Epoch 0005 Total Iter 0314 | Total Time 22.1s | Iter Mean Loss 0.0928
2024-12-09 00:14:41,558 - root - INFO - CF Evaluation: Epoch 0005 | Total Time 34.5s | Precision [0.1887, 0.0607], Recall [0.1887, 0.6068], NDCG [0.1887, 0.3800]
2024-12-09 00:14:41,578 - root - INFO - Save model on epoch 0005!
2024-12-09 00:14:45,881 - root - INFO - CF Training: Epoch 0006 Iter 0050 / 0314 | Time 0.1s | Iter Loss 0.0819 | Iter Mean Loss 0.0791
2024-12-09 00:14:49,048 - root - INFO - CF Training: Epoch 0006 Iter 0100 / 0314 | Time 0.1s | Iter Loss 0.0639 | Iter Mean Loss 0.0780
2024-12-09 00:14:52,041 - root - INFO - CF Training: Epoch 0006 Iter 0150 / 0314 | Time 0.1s | Iter Loss 0.0588 | Iter Mean Loss 0.0762
2024-12-09 00:14:55,065 - root - INFO - CF Training: Epoch 0006 Iter 0200 / 0314 | Time 0.1s | Iter Loss 0.0689 | Iter Mean Loss 0.0752
2024-12-09 00:14:58,968 - root - INFO - CF Training: Epoch 0006 Iter 0250 / 0314 | Time 0.1s | Iter Loss 0.0664 | Iter Mean Loss 0.0736
2024-12-09 00:15:02,725 - root - INFO - CF Training: Epoch 0006 Iter 0300 / 0314 | Time 0.1s | Iter Loss 0.0732 | Iter Mean Loss 0.0726
2024-12-09 00:15:03,546 - root - INFO - CF Training: Epoch 0006 Total Iter 0314 | Total Time 22.0s | Iter Mean Loss 0.0724
2024-12-09 00:15:06,674 - root - INFO - CF Training: Epoch 0007 Iter 0050 / 0314 | Time 0.1s | Iter Loss 0.0619 | Iter Mean Loss 0.0645
2024-12-09 00:15:09,819 - root - INFO - CF Training: Epoch 0007 Iter 0100 / 0314 | Time 0.1s | Iter Loss 0.0761 | Iter Mean Loss 0.0645
2024-12-09 00:15:13,804 - root - INFO - CF Training: Epoch 0007 Iter 0150 / 0314 | Time 0.1s | Iter Loss 0.0490 | Iter Mean Loss 0.0635
2024-12-09 00:15:17,447 - root - INFO - CF Training: Epoch 0007 Iter 0200 / 0314 | Time 0.1s | Iter Loss 0.0493 | Iter Mean Loss 0.0627
2024-12-09 00:15:20,514 - root - INFO - CF Training: Epoch 0007 Iter 0250 / 0314 | Time 0.1s | Iter Loss 0.0484 | Iter Mean Loss 0.0621
2024-12-09 00:15:23,597 - root - INFO - CF Training: Epoch 0007 Iter 0300 / 0314 | Time 0.1s | Iter Loss 0.0598 | Iter Mean Loss 0.0609
2024-12-09 00:15:24,452 - root - INFO - CF Training: Epoch 0007 Total Iter 0314 | Total Time 20.9s | Iter Mean Loss 0.0604
2024-12-09 00:15:28,386 - root - INFO - CF Training: Epoch 0008 Iter 0050 / 0314 | Time 0.1s | Iter Loss 0.0670 | Iter Mean Loss 0.0550
2024-12-09 00:15:32,120 - root - INFO - CF Training: Epoch 0008 Iter 0100 / 0314 | Time 0.1s | Iter Loss 0.0548 | Iter Mean Loss 0.0538
2024-12-09 00:15:35,193 - root - INFO - CF Training: Epoch 0008 Iter 0150 / 0314 | Time 0.1s | Iter Loss 0.0481 | Iter Mean Loss 0.0534
2024-12-09 00:15:38,174 - root - INFO - CF Training: Epoch 0008 Iter 0200 / 0314 | Time 0.1s | Iter Loss 0.0460 | Iter Mean Loss 0.0525
2024-12-09 00:15:41,647 - root - INFO - CF Training: Epoch 0008 Iter 0250 / 0314 | Time 0.1s | Iter Loss 0.0520 | Iter Mean Loss 0.0520
2024-12-09 00:15:45,836 - root - INFO - CF Training: Epoch 0008 Iter 0300 / 0314 | Time 0.1s | Iter Loss 0.0568 | Iter Mean Loss 0.0512
2024-12-09 00:15:46,700 - root - INFO - CF Training: Epoch 0008 Total Iter 0314 | Total Time 22.2s | Iter Mean Loss 0.0509
2024-12-09 00:15:49,744 - root - INFO - CF Training: Epoch 0009 Iter 0050 / 0314 | Time 0.1s | Iter Loss 0.0358 | Iter Mean Loss 0.0465
2024-12-09 00:15:52,749 - root - INFO - CF Training: Epoch 0009 Iter 0100 / 0314 | Time 0.1s | Iter Loss 0.0505 | Iter Mean Loss 0.0460
2024-12-09 00:15:56,243 - root - INFO - CF Training: Epoch 0009 Iter 0150 / 0314 | Time 0.1s | Iter Loss 0.0490 | Iter Mean Loss 0.0459
2024-12-09 00:16:00,411 - root - INFO - CF Training: Epoch 0009 Iter 0200 / 0314 | Time 0.1s | Iter Loss 0.0354 | Iter Mean Loss 0.0455
2024-12-09 00:16:03,443 - root - INFO - CF Training: Epoch 0009 Iter 0250 / 0314 | Time 0.1s | Iter Loss 0.0319 | Iter Mean Loss 0.0450
2024-12-09 00:16:06,483 - root - INFO - CF Training: Epoch 0009 Iter 0300 / 0314 | Time 0.1s | Iter Loss 0.0359 | Iter Mean Loss 0.0449
2024-12-09 00:16:07,356 - root - INFO - CF Training: Epoch 0009 Total Iter 0314 | Total Time 20.7s | Iter Mean Loss 0.0446
2024-12-09 00:16:10,946 - root - INFO - CF Training: Epoch 0010 Iter 0050 / 0314 | Time 0.1s | Iter Loss 0.0412 | Iter Mean Loss 0.0432
2024-12-09 00:16:15,091 - root - INFO - CF Training: Epoch 0010 Iter 0100 / 0314 | Time 0.1s | Iter Loss 0.0384 | Iter Mean Loss 0.0430
2024-12-09 00:16:18,137 - root - INFO - CF Training: Epoch 0010 Iter 0150 / 0314 | Time 0.1s | Iter Loss 0.0460 | Iter Mean Loss 0.0423
2024-12-09 00:16:21,181 - root - INFO - CF Training: Epoch 0010 Iter 0200 / 0314 | Time 0.1s | Iter Loss 0.0280 | Iter Mean Loss 0.0419
2024-12-09 00:16:24,346 - root - INFO - CF Training: Epoch 0010 Iter 0250 / 0314 | Time 0.1s | Iter Loss 0.0338 | Iter Mean Loss 0.0413
2024-12-09 00:16:28,782 - root - INFO - CF Training: Epoch 0010 Iter 0300 / 0314 | Time 0.1s | Iter Loss 0.0418 | Iter Mean Loss 0.0412
2024-12-09 00:16:29,661 - root - INFO - CF Training: Epoch 0010 Total Iter 0314 | Total Time 22.3s | Iter Mean Loss 0.0408
2024-12-09 00:17:04,038 - root - INFO - CF Evaluation: Epoch 0010 | Total Time 34.4s | Precision [0.3016, 0.0818], Recall [0.3016, 0.8180], NDCG [0.3016, 0.5402]
2024-12-09 00:17:04,067 - root - INFO - Save model on epoch 0010!
2024-12-09 00:17:07,123 - root - INFO - CF Training: Epoch 0011 Iter 0050 / 0314 | Time 0.1s | Iter Loss 0.0329 | Iter Mean Loss 0.0391
2024-12-09 00:17:11,648 - root - INFO - CF Training: Epoch 0011 Iter 0100 / 0314 | Time 0.1s | Iter Loss 0.0335 | Iter Mean Loss 0.0389
2024-12-09 00:17:14,846 - root - INFO - CF Training: Epoch 0011 Iter 0150 / 0314 | Time 0.1s | Iter Loss 0.0385 | Iter Mean Loss 0.0380
2024-12-09 00:17:17,989 - root - INFO - CF Training: Epoch 0011 Iter 0200 / 0314 | Time 0.1s | Iter Loss 0.0420 | Iter Mean Loss 0.0379
2024-12-09 00:17:21,063 - root - INFO - CF Training: Epoch 0011 Iter 0250 / 0314 | Time 0.1s | Iter Loss 0.0311 | Iter Mean Loss 0.0381
2024-12-09 00:17:25,174 - root - INFO - CF Training: Epoch 0011 Iter 0300 / 0314 | Time 0.1s | Iter Loss 0.0415 | Iter Mean Loss 0.0377
2024-12-09 00:17:26,489 - root - INFO - CF Training: Epoch 0011 Total Iter 0314 | Total Time 22.4s | Iter Mean Loss 0.0377
2024-12-09 00:17:29,496 - root - INFO - CF Training: Epoch 0012 Iter 0050 / 0314 | Time 0.1s | Iter Loss 0.0363 | Iter Mean Loss 0.0376
2024-12-09 00:17:32,556 - root - INFO - CF Training: Epoch 0012 Iter 0100 / 0314 | Time 0.1s | Iter Loss 0.0330 | Iter Mean Loss 0.0372
2024-12-09 00:17:35,542 - root - INFO - CF Training: Epoch 0012 Iter 0150 / 0314 | Time 0.1s | Iter Loss 0.0292 | Iter Mean Loss 0.0363
2024-12-09 00:17:39,650 - root - INFO - CF Training: Epoch 0012 Iter 0200 / 0314 | Time 0.1s | Iter Loss 0.0353 | Iter Mean Loss 0.0356
2024-12-09 00:17:43,132 - root - INFO - CF Training: Epoch 0012 Iter 0250 / 0314 | Time 0.1s | Iter Loss 0.0357 | Iter Mean Loss 0.0355
2024-12-09 00:17:46,151 - root - INFO - CF Training: Epoch 0012 Iter 0300 / 0314 | Time 0.1s | Iter Loss 0.0380 | Iter Mean Loss 0.0354
2024-12-09 00:17:47,053 - root - INFO - CF Training: Epoch 0012 Total Iter 0314 | Total Time 20.6s | Iter Mean Loss 0.0352
2024-12-09 00:17:50,196 - root - INFO - CF Training: Epoch 0013 Iter 0050 / 0314 | Time 0.1s | Iter Loss 0.0417 | Iter Mean Loss 0.0344
2024-12-09 00:17:54,526 - root - INFO - CF Training: Epoch 0013 Iter 0100 / 0314 | Time 0.1s | Iter Loss 0.0301 | Iter Mean Loss 0.0353
2024-12-09 00:17:58,024 - root - INFO - CF Training: Epoch 0013 Iter 0150 / 0314 | Time 0.1s | Iter Loss 0.0217 | Iter Mean Loss 0.0348
2024-12-09 00:18:01,175 - root - INFO - CF Training: Epoch 0013 Iter 0200 / 0314 | Time 0.1s | Iter Loss 0.0231 | Iter Mean Loss 0.0345
2024-12-09 00:18:04,218 - root - INFO - CF Training: Epoch 0013 Iter 0250 / 0314 | Time 0.1s | Iter Loss 0.0351 | Iter Mean Loss 0.0340
2024-12-09 00:18:08,064 - root - INFO - CF Training: Epoch 0013 Iter 0300 / 0314 | Time 0.1s | Iter Loss 0.0199 | Iter Mean Loss 0.0335
2024-12-09 00:18:09,459 - root - INFO - CF Training: Epoch 0013 Total Iter 0314 | Total Time 22.4s | Iter Mean Loss 0.0334
2024-12-09 00:18:12,755 - root - INFO - CF Training: Epoch 0014 Iter 0050 / 0314 | Time 0.1s | Iter Loss 0.0333 | Iter Mean Loss 0.0327
2024-12-09 00:18:15,778 - root - INFO - CF Training: Epoch 0014 Iter 0100 / 0314 | Time 0.1s | Iter Loss 0.0457 | Iter Mean Loss 0.0322
2024-12-09 00:18:18,822 - root - INFO - CF Training: Epoch 0014 Iter 0150 / 0314 | Time 0.1s | Iter Loss 0.0285 | Iter Mean Loss 0.0325
2024-12-09 00:18:22,658 - root - INFO - CF Training: Epoch 0014 Iter 0200 / 0314 | Time 0.1s | Iter Loss 0.0399 | Iter Mean Loss 0.0321
2024-12-09 00:18:26,429 - root - INFO - CF Training: Epoch 0014 Iter 0250 / 0314 | Time 0.1s | Iter Loss 0.0290 | Iter Mean Loss 0.0315
2024-12-09 00:18:29,498 - root - INFO - CF Training: Epoch 0014 Iter 0300 / 0314 | Time 0.1s | Iter Loss 0.0199 | Iter Mean Loss 0.0313
2024-12-09 00:18:30,353 - root - INFO - CF Training: Epoch 0014 Total Iter 0314 | Total Time 20.9s | Iter Mean Loss 0.0312
2024-12-09 00:18:33,326 - root - INFO - CF Training: Epoch 0015 Iter 0050 / 0314 | Time 0.1s | Iter Loss 0.0354 | Iter Mean Loss 0.0284
2024-12-09 00:18:37,073 - root - INFO - CF Training: Epoch 0015 Iter 0100 / 0314 | Time 0.1s | Iter Loss 0.0242 | Iter Mean Loss 0.0298
2024-12-09 00:18:40,813 - root - INFO - CF Training: Epoch 0015 Iter 0150 / 0314 | Time 0.1s | Iter Loss 0.0382 | Iter Mean Loss 0.0300
2024-12-09 00:18:43,819 - root - INFO - CF Training: Epoch 0015 Iter 0200 / 0314 | Time 0.1s | Iter Loss 0.0423 | Iter Mean Loss 0.0303
2024-12-09 00:18:46,858 - root - INFO - CF Training: Epoch 0015 Iter 0250 / 0314 | Time 0.1s | Iter Loss 0.0276 | Iter Mean Loss 0.0303
2024-12-09 00:18:50,159 - root - INFO - CF Training: Epoch 0015 Iter 0300 / 0314 | Time 0.1s | Iter Loss 0.0291 | Iter Mean Loss 0.0299
2024-12-09 00:18:51,391 - root - INFO - CF Training: Epoch 0015 Total Iter 0314 | Total Time 21.0s | Iter Mean Loss 0.0300
2024-12-09 00:19:26,116 - root - INFO - CF Evaluation: Epoch 0015 | Total Time 34.7s | Precision [0.3453, 0.0864], Recall [0.3453, 0.8643], NDCG [0.3453, 0.5905]
2024-12-09 00:19:26,143 - root - INFO - Save model on epoch 0015!
2024-12-09 00:19:29,287 - root - INFO - CF Training: Epoch 0016 Iter 0050 / 0314 | Time 0.1s | Iter Loss 0.0366 | Iter Mean Loss 0.0296
2024-12-09 00:19:32,424 - root - INFO - CF Training: Epoch 0016 Iter 0100 / 0314 | Time 0.1s | Iter Loss 0.0270 | Iter Mean Loss 0.0296
2024-12-09 00:19:36,822 - root - INFO - CF Training: Epoch 0016 Iter 0150 / 0314 | Time 0.1s | Iter Loss 0.0209 | Iter Mean Loss 0.0294
2024-12-09 00:19:39,884 - root - INFO - CF Training: Epoch 0016 Iter 0200 / 0314 | Time 0.1s | Iter Loss 0.0240 | Iter Mean Loss 0.0290
2024-12-09 00:19:42,962 - root - INFO - CF Training: Epoch 0016 Iter 0250 / 0314 | Time 0.1s | Iter Loss 0.0346 | Iter Mean Loss 0.0289
2024-12-09 00:19:45,947 - root - INFO - CF Training: Epoch 0016 Iter 0300 / 0314 | Time 0.1s | Iter Loss 0.0272 | Iter Mean Loss 0.0290
2024-12-09 00:19:46,856 - root - INFO - CF Training: Epoch 0016 Total Iter 0314 | Total Time 20.7s | Iter Mean Loss 0.0290
2024-12-09 00:19:51,251 - root - INFO - CF Training: Epoch 0017 Iter 0050 / 0314 | Time 0.1s | Iter Loss 0.0382 | Iter Mean Loss 0.0276
2024-12-09 00:19:54,265 - root - INFO - CF Training: Epoch 0017 Iter 0100 / 0314 | Time 0.1s | Iter Loss 0.0272 | Iter Mean Loss 0.0280
2024-12-09 00:19:57,286 - root - INFO - CF Training: Epoch 0017 Iter 0150 / 0314 | Time 0.1s | Iter Loss 0.0358 | Iter Mean Loss 0.0285
2024-12-09 00:20:00,319 - root - INFO - CF Training: Epoch 0017 Iter 0200 / 0314 | Time 0.1s | Iter Loss 0.0350 | Iter Mean Loss 0.0283
2024-12-09 00:20:04,541 - root - INFO - CF Training: Epoch 0017 Iter 0250 / 0314 | Time 0.1s | Iter Loss 0.0430 | Iter Mean Loss 0.0280
2024-12-09 00:20:07,870 - root - INFO - CF Training: Epoch 0017 Iter 0300 / 0314 | Time 0.1s | Iter Loss 0.0340 | Iter Mean Loss 0.0277
2024-12-09 00:20:08,750 - root - INFO - CF Training: Epoch 0017 Total Iter 0314 | Total Time 21.9s | Iter Mean Loss 0.0276
2024-12-09 00:20:11,792 - root - INFO - CF Training: Epoch 0018 Iter 0050 / 0314 | Time 0.1s | Iter Loss 0.0263 | Iter Mean Loss 0.0272
2024-12-09 00:20:14,734 - root - INFO - CF Training: Epoch 0018 Iter 0100 / 0314 | Time 0.1s | Iter Loss 0.0323 | Iter Mean Loss 0.0267
2024-12-09 00:20:18,779 - root - INFO - CF Training: Epoch 0018 Iter 0150 / 0314 | Time 0.1s | Iter Loss 0.0343 | Iter Mean Loss 0.0269
2024-12-09 00:20:22,099 - root - INFO - CF Training: Epoch 0018 Iter 0200 / 0314 | Time 0.1s | Iter Loss 0.0261 | Iter Mean Loss 0.0268
2024-12-09 00:20:25,078 - root - INFO - CF Training: Epoch 0018 Iter 0250 / 0314 | Time 0.1s | Iter Loss 0.0142 | Iter Mean Loss 0.0262
2024-12-09 00:20:28,019 - root - INFO - CF Training: Epoch 0018 Iter 0300 / 0314 | Time 0.1s | Iter Loss 0.0202 | Iter Mean Loss 0.0263
2024-12-09 00:20:28,885 - root - INFO - CF Training: Epoch 0018 Total Iter 0314 | Total Time 20.1s | Iter Mean Loss 0.0263
2024-12-09 00:20:32,686 - root - INFO - CF Training: Epoch 0019 Iter 0050 / 0314 | Time 0.1s | Iter Loss 0.0286 | Iter Mean Loss 0.0262
2024-12-09 00:20:36,311 - root - INFO - CF Training: Epoch 0019 Iter 0100 / 0314 | Time 0.1s | Iter Loss 0.0312 | Iter Mean Loss 0.0264
2024-12-09 00:20:39,299 - root - INFO - CF Training: Epoch 0019 Iter 0150 / 0314 | Time 0.1s | Iter Loss 0.0207 | Iter Mean Loss 0.0259
2024-12-09 00:20:42,316 - root - INFO - CF Training: Epoch 0019 Iter 0200 / 0314 | Time 0.1s | Iter Loss 0.0268 | Iter Mean Loss 0.0258
2024-12-09 00:20:45,610 - root - INFO - CF Training: Epoch 0019 Iter 0250 / 0314 | Time 0.1s | Iter Loss 0.0276 | Iter Mean Loss 0.0256
2024-12-09 00:20:49,783 - root - INFO - CF Training: Epoch 0019 Iter 0300 / 0314 | Time 0.1s | Iter Loss 0.0270 | Iter Mean Loss 0.0254
2024-12-09 00:20:50,655 - root - INFO - CF Training: Epoch 0019 Total Iter 0314 | Total Time 21.8s | Iter Mean Loss 0.0254
2024-12-09 00:20:53,692 - root - INFO - CF Training: Epoch 0020 Iter 0050 / 0314 | Time 0.1s | Iter Loss 0.0306 | Iter Mean Loss 0.0245
2024-12-09 00:20:56,597 - root - INFO - CF Training: Epoch 0020 Iter 0100 / 0314 | Time 0.1s | Iter Loss 0.0189 | Iter Mean Loss 0.0248
2024-12-09 00:20:59,914 - root - INFO - CF Training: Epoch 0020 Iter 0150 / 0314 | Time 0.1s | Iter Loss 0.0170 | Iter Mean Loss 0.0243
2024-12-09 00:21:04,133 - root - INFO - CF Training: Epoch 0020 Iter 0200 / 0314 | Time 0.1s | Iter Loss 0.0191 | Iter Mean Loss 0.0241
2024-12-09 00:21:08,686 - root - INFO - CF Training: Epoch 0020 Iter 0250 / 0314 | Time 0.1s | Iter Loss 0.0242 | Iter Mean Loss 0.0244
2024-12-09 00:21:12,465 - root - INFO - CF Training: Epoch 0020 Iter 0300 / 0314 | Time 0.1s | Iter Loss 0.0207 | Iter Mean Loss 0.0247
2024-12-09 00:21:13,500 - root - INFO - CF Training: Epoch 0020 Total Iter 0314 | Total Time 22.8s | Iter Mean Loss 0.0247
2024-12-09 00:21:50,421 - root - INFO - CF Evaluation: Epoch 0020 | Total Time 36.9s | Precision [0.3719, 0.0882], Recall [0.3719, 0.8823], NDCG [0.3719, 0.6177]
2024-12-09 00:21:50,443 - root - INFO - Save model on epoch 0020!
2024-12-09 00:21:53,434 - root - INFO - CF Training: Epoch 0021 Iter 0050 / 0314 | Time 0.1s | Iter Loss 0.0249 | Iter Mean Loss 0.0247
2024-12-09 00:21:56,465 - root - INFO - CF Training: Epoch 0021 Iter 0100 / 0314 | Time 0.1s | Iter Loss 0.0232 | Iter Mean Loss 0.0250
2024-12-09 00:22:01,021 - root - INFO - CF Training: Epoch 0021 Iter 0150 / 0314 | Time 0.1s | Iter Loss 0.0128 | Iter Mean Loss 0.0245
2024-12-09 00:22:04,218 - root - INFO - CF Training: Epoch 0021 Iter 0200 / 0314 | Time 0.1s | Iter Loss 0.0247 | Iter Mean Loss 0.0243
2024-12-09 00:22:07,159 - root - INFO - CF Training: Epoch 0021 Iter 0250 / 0314 | Time 0.1s | Iter Loss 0.0170 | Iter Mean Loss 0.0242
2024-12-09 00:22:10,156 - root - INFO - CF Training: Epoch 0021 Iter 0300 / 0314 | Time 0.1s | Iter Loss 0.0159 | Iter Mean Loss 0.0241
2024-12-09 00:22:10,987 - root - INFO - CF Training: Epoch 0021 Total Iter 0314 | Total Time 20.5s | Iter Mean Loss 0.0241
2024-12-09 00:22:15,340 - root - INFO - CF Training: Epoch 0022 Iter 0050 / 0314 | Time 0.1s | Iter Loss 0.0163 | Iter Mean Loss 0.0240
2024-12-09 00:22:18,507 - root - INFO - CF Training: Epoch 0022 Iter 0100 / 0314 | Time 0.1s | Iter Loss 0.0193 | Iter Mean Loss 0.0234
2024-12-09 00:22:21,437 - root - INFO - CF Training: Epoch 0022 Iter 0150 / 0314 | Time 0.1s | Iter Loss 0.0247 | Iter Mean Loss 0.0235
2024-12-09 00:22:24,374 - root - INFO - CF Training: Epoch 0022 Iter 0200 / 0314 | Time 0.1s | Iter Loss 0.0195 | Iter Mean Loss 0.0232
2024-12-09 00:22:27,873 - root - INFO - CF Training: Epoch 0022 Iter 0250 / 0314 | Time 0.1s | Iter Loss 0.0247 | Iter Mean Loss 0.0232
2024-12-09 00:22:31,731 - root - INFO - CF Training: Epoch 0022 Iter 0300 / 0314 | Time 0.1s | Iter Loss 0.0240 | Iter Mean Loss 0.0231
2024-12-09 00:22:32,542 - root - INFO - CF Training: Epoch 0022 Total Iter 0314 | Total Time 21.6s | Iter Mean Loss 0.0230
2024-12-09 00:22:35,454 - root - INFO - CF Training: Epoch 0023 Iter 0050 / 0314 | Time 0.1s | Iter Loss 0.0174 | Iter Mean Loss 0.0229
2024-12-09 00:22:38,365 - root - INFO - CF Training: Epoch 0023 Iter 0100 / 0314 | Time 0.1s | Iter Loss 0.0265 | Iter Mean Loss 0.0231
2024-12-09 00:22:41,604 - root - INFO - CF Training: Epoch 0023 Iter 0150 / 0314 | Time 0.1s | Iter Loss 0.0228 | Iter Mean Loss 0.0235
2024-12-09 00:22:45,731 - root - INFO - CF Training: Epoch 0023 Iter 0200 / 0314 | Time 0.1s | Iter Loss 0.0148 | Iter Mean Loss 0.0229
2024-12-09 00:22:48,706 - root - INFO - CF Training: Epoch 0023 Iter 0250 / 0314 | Time 0.1s | Iter Loss 0.0267 | Iter Mean Loss 0.0228
2024-12-09 00:22:51,665 - root - INFO - CF Training: Epoch 0023 Iter 0300 / 0314 | Time 0.1s | Iter Loss 0.0186 | Iter Mean Loss 0.0226
2024-12-09 00:22:52,459 - root - INFO - CF Training: Epoch 0023 Total Iter 0314 | Total Time 19.9s | Iter Mean Loss 0.0227
2024-12-09 00:22:55,659 - root - INFO - CF Training: Epoch 0024 Iter 0050 / 0314 | Time 0.1s | Iter Loss 0.0204 | Iter Mean Loss 0.0227
2024-12-09 00:22:59,890 - root - INFO - CF Training: Epoch 0024 Iter 0100 / 0314 | Time 0.1s | Iter Loss 0.0262 | Iter Mean Loss 0.0215
2024-12-09 00:23:02,868 - root - INFO - CF Training: Epoch 0024 Iter 0150 / 0314 | Time 0.1s | Iter Loss 0.0081 | Iter Mean Loss 0.0217
2024-12-09 00:23:05,842 - root - INFO - CF Training: Epoch 0024 Iter 0200 / 0314 | Time 0.1s | Iter Loss 0.0188 | Iter Mean Loss 0.0214
2024-12-09 00:23:08,868 - root - INFO - CF Training: Epoch 0024 Iter 0250 / 0314 | Time 0.1s | Iter Loss 0.0182 | Iter Mean Loss 0.0213
2024-12-09 00:23:12,955 - root - INFO - CF Training: Epoch 0024 Iter 0300 / 0314 | Time 0.1s | Iter Loss 0.0230 | Iter Mean Loss 0.0213
2024-12-09 00:23:14,179 - root - INFO - CF Training: Epoch 0024 Total Iter 0314 | Total Time 21.7s | Iter Mean Loss 0.0213
2024-12-09 00:23:17,117 - root - INFO - CF Training: Epoch 0025 Iter 0050 / 0314 | Time 0.1s | Iter Loss 0.0119 | Iter Mean Loss 0.0206
2024-12-09 00:23:20,119 - root - INFO - CF Training: Epoch 0025 Iter 0100 / 0314 | Time 0.1s | Iter Loss 0.0141 | Iter Mean Loss 0.0211
2024-12-09 00:23:23,142 - root - INFO - CF Training: Epoch 0025 Iter 0150 / 0314 | Time 0.1s | Iter Loss 0.0190 | Iter Mean Loss 0.0212
2024-12-09 00:23:27,060 - root - INFO - CF Training: Epoch 0025 Iter 0200 / 0314 | Time 0.1s | Iter Loss 0.0205 | Iter Mean Loss 0.0210
2024-12-09 00:23:30,485 - root - INFO - CF Training: Epoch 0025 Iter 0250 / 0314 | Time 0.1s | Iter Loss 0.0248 | Iter Mean Loss 0.0210
2024-12-09 00:23:33,453 - root - INFO - CF Training: Epoch 0025 Iter 0300 / 0314 | Time 0.1s | Iter Loss 0.0246 | Iter Mean Loss 0.0211
2024-12-09 00:23:34,309 - root - INFO - CF Training: Epoch 0025 Total Iter 0314 | Total Time 20.1s | Iter Mean Loss 0.0211
2024-12-09 00:24:09,208 - root - INFO - CF Evaluation: Epoch 0025 | Total Time 34.9s | Precision [0.4037, 0.0889], Recall [0.4037, 0.8887], NDCG [0.4037, 0.6382]
2024-12-09 00:24:09,250 - root - INFO - Save model on epoch 0025!
2024-12-09 00:24:13,058 - root - INFO - CF Training: Epoch 0026 Iter 0050 / 0314 | Time 0.1s | Iter Loss 0.0189 | Iter Mean Loss 0.0227
2024-12-09 00:24:16,107 - root - INFO - CF Training: Epoch 0026 Iter 0100 / 0314 | Time 0.1s | Iter Loss 0.0211 | Iter Mean Loss 0.0214
2024-12-09 00:24:19,225 - root - INFO - CF Training: Epoch 0026 Iter 0150 / 0314 | Time 0.1s | Iter Loss 0.0108 | Iter Mean Loss 0.0214
2024-12-09 00:24:22,581 - root - INFO - CF Training: Epoch 0026 Iter 0200 / 0314 | Time 0.1s | Iter Loss 0.0122 | Iter Mean Loss 0.0214
2024-12-09 00:24:26,690 - root - INFO - CF Training: Epoch 0026 Iter 0250 / 0314 | Time 0.1s | Iter Loss 0.0249 | Iter Mean Loss 0.0212
2024-12-09 00:24:29,769 - root - INFO - CF Training: Epoch 0026 Iter 0300 / 0314 | Time 0.1s | Iter Loss 0.0199 | Iter Mean Loss 0.0210
2024-12-09 00:24:30,606 - root - INFO - CF Training: Epoch 0026 Total Iter 0314 | Total Time 21.4s | Iter Mean Loss 0.0209
2024-12-09 00:24:33,620 - root - INFO - CF Training: Epoch 0027 Iter 0050 / 0314 | Time 0.1s | Iter Loss 0.0324 | Iter Mean Loss 0.0198
2024-12-09 00:24:36,921 - root - INFO - CF Training: Epoch 0027 Iter 0100 / 0314 | Time 0.1s | Iter Loss 0.0195 | Iter Mean Loss 0.0204
2024-12-09 00:24:41,137 - root - INFO - CF Training: Epoch 0027 Iter 0150 / 0314 | Time 0.1s | Iter Loss 0.0179 | Iter Mean Loss 0.0205
2024-12-09 00:24:44,143 - root - INFO - CF Training: Epoch 0027 Iter 0200 / 0314 | Time 0.1s | Iter Loss 0.0214 | Iter Mean Loss 0.0203
2024-12-09 00:24:47,146 - root - INFO - CF Training: Epoch 0027 Iter 0250 / 0314 | Time 0.1s | Iter Loss 0.0147 | Iter Mean Loss 0.0208
2024-12-09 00:24:50,141 - root - INFO - CF Training: Epoch 0027 Iter 0300 / 0314 | Time 0.1s | Iter Loss 0.0242 | Iter Mean Loss 0.0207
2024-12-09 00:24:51,225 - root - INFO - CF Training: Epoch 0027 Total Iter 0314 | Total Time 20.6s | Iter Mean Loss 0.0207
2024-12-09 00:24:55,481 - root - INFO - CF Training: Epoch 0028 Iter 0050 / 0314 | Time 0.1s | Iter Loss 0.0201 | Iter Mean Loss 0.0198
2024-12-09 00:24:58,446 - root - INFO - CF Training: Epoch 0028 Iter 0100 / 0314 | Time 0.1s | Iter Loss 0.0274 | Iter Mean Loss 0.0200
2024-12-09 00:25:01,482 - root - INFO - CF Training: Epoch 0028 Iter 0150 / 0314 | Time 0.1s | Iter Loss 0.0199 | Iter Mean Loss 0.0204
2024-12-09 00:25:04,544 - root - INFO - CF Training: Epoch 0028 Iter 0200 / 0314 | Time 0.1s | Iter Loss 0.0201 | Iter Mean Loss 0.0205
2024-12-09 00:25:08,790 - root - INFO - CF Training: Epoch 0028 Iter 0250 / 0314 | Time 0.1s | Iter Loss 0.0201 | Iter Mean Loss 0.0203
2024-12-09 00:25:12,007 - root - INFO - CF Training: Epoch 0028 Iter 0300 / 0314 | Time 0.1s | Iter Loss 0.0218 | Iter Mean Loss 0.0203
2024-12-09 00:25:12,835 - root - INFO - CF Training: Epoch 0028 Total Iter 0314 | Total Time 21.6s | Iter Mean Loss 0.0203
2024-12-09 00:25:15,794 - root - INFO - CF Training: Epoch 0029 Iter 0050 / 0314 | Time 0.1s | Iter Loss 0.0323 | Iter Mean Loss 0.0198
2024-12-09 00:25:18,759 - root - INFO - CF Training: Epoch 0029 Iter 0100 / 0314 | Time 0.1s | Iter Loss 0.0216 | Iter Mean Loss 0.0192
2024-12-09 00:25:22,812 - root - INFO - CF Training: Epoch 0029 Iter 0150 / 0314 | Time 0.1s | Iter Loss 0.0196 | Iter Mean Loss 0.0190
2024-12-09 00:25:26,255 - root - INFO - CF Training: Epoch 0029 Iter 0200 / 0314 | Time 0.1s | Iter Loss 0.0172 | Iter Mean Loss 0.0194
2024-12-09 00:25:29,267 - root - INFO - CF Training: Epoch 0029 Iter 0250 / 0314 | Time 0.1s | Iter Loss 0.0232 | Iter Mean Loss 0.0191
2024-12-09 00:25:32,243 - root - INFO - CF Training: Epoch 0029 Iter 0300 / 0314 | Time 0.1s | Iter Loss 0.0192 | Iter Mean Loss 0.0193
2024-12-09 00:25:33,068 - root - INFO - CF Training: Epoch 0029 Total Iter 0314 | Total Time 20.2s | Iter Mean Loss 0.0193
2024-12-09 00:25:36,990 - root - INFO - CF Training: Epoch 0030 Iter 0050 / 0314 | Time 0.1s | Iter Loss 0.0307 | Iter Mean Loss 0.0202
2024-12-09 00:25:40,515 - root - INFO - CF Training: Epoch 0030 Iter 0100 / 0314 | Time 0.1s | Iter Loss 0.0170 | Iter Mean Loss 0.0197
2024-12-09 00:25:43,508 - root - INFO - CF Training: Epoch 0030 Iter 0150 / 0314 | Time 0.1s | Iter Loss 0.0234 | Iter Mean Loss 0.0196
2024-12-09 00:25:46,497 - root - INFO - CF Training: Epoch 0030 Iter 0200 / 0314 | Time 0.1s | Iter Loss 0.0233 | Iter Mean Loss 0.0195
2024-12-09 00:25:50,019 - root - INFO - CF Training: Epoch 0030 Iter 0250 / 0314 | Time 0.1s | Iter Loss 0.0237 | Iter Mean Loss 0.0193
2024-12-09 00:25:54,048 - root - INFO - CF Training: Epoch 0030 Iter 0300 / 0314 | Time 0.1s | Iter Loss 0.0238 | Iter Mean Loss 0.0194
2024-12-09 00:25:54,897 - root - INFO - CF Training: Epoch 0030 Total Iter 0314 | Total Time 21.8s | Iter Mean Loss 0.0195
2024-12-09 00:26:28,635 - root - INFO - CF Evaluation: Epoch 0030 | Total Time 33.7s | Precision [0.4095, 0.0889], Recall [0.4095, 0.8886], NDCG [0.4095, 0.6415]
2024-12-09 00:26:31,651 - root - INFO - CF Training: Epoch 0031 Iter 0050 / 0314 | Time 0.1s | Iter Loss 0.0225 | Iter Mean Loss 0.0187
2024-12-09 00:26:36,165 - root - INFO - CF Training: Epoch 0031 Iter 0100 / 0314 | Time 0.1s | Iter Loss 0.0208 | Iter Mean Loss 0.0194
2024-12-09 00:26:39,157 - root - INFO - CF Training: Epoch 0031 Iter 0150 / 0314 | Time 0.1s | Iter Loss 0.0152 | Iter Mean Loss 0.0193
2024-12-09 00:26:42,146 - root - INFO - CF Training: Epoch 0031 Iter 0200 / 0314 | Time 0.1s | Iter Loss 0.0123 | Iter Mean Loss 0.0191
2024-12-09 00:26:45,139 - root - INFO - CF Training: Epoch 0031 Iter 0250 / 0314 | Time 0.1s | Iter Loss 0.0140 | Iter Mean Loss 0.0192
2024-12-09 00:26:49,203 - root - INFO - CF Training: Epoch 0031 Iter 0300 / 0314 | Time 0.1s | Iter Loss 0.0139 | Iter Mean Loss 0.0190
2024-12-09 00:26:50,534 - root - INFO - CF Training: Epoch 0031 Total Iter 0314 | Total Time 21.9s | Iter Mean Loss 0.0190
2024-12-09 00:26:53,548 - root - INFO - CF Training: Epoch 0032 Iter 0050 / 0314 | Time 0.1s | Iter Loss 0.0203 | Iter Mean Loss 0.0180
2024-12-09 00:26:56,495 - root - INFO - CF Training: Epoch 0032 Iter 0100 / 0314 | Time 0.1s | Iter Loss 0.0284 | Iter Mean Loss 0.0188
2024-12-09 00:26:59,499 - root - INFO - CF Training: Epoch 0032 Iter 0150 / 0314 | Time 0.1s | Iter Loss 0.0259 | Iter Mean Loss 0.0184
2024-12-09 00:27:03,322 - root - INFO - CF Training: Epoch 0032 Iter 0200 / 0314 | Time 0.1s | Iter Loss 0.0175 | Iter Mean Loss 0.0182
2024-12-09 00:27:06,936 - root - INFO - CF Training: Epoch 0032 Iter 0250 / 0314 | Time 0.1s | Iter Loss 0.0200 | Iter Mean Loss 0.0180
2024-12-09 00:27:10,020 - root - INFO - CF Training: Epoch 0032 Iter 0300 / 0314 | Time 0.1s | Iter Loss 0.0113 | Iter Mean Loss 0.0181
2024-12-09 00:27:10,828 - root - INFO - CF Training: Epoch 0032 Total Iter 0314 | Total Time 20.3s | Iter Mean Loss 0.0180
2024-12-09 00:27:13,888 - root - INFO - CF Training: Epoch 0033 Iter 0050 / 0314 | Time 0.1s | Iter Loss 0.0157 | Iter Mean Loss 0.0180
2024-12-09 00:27:17,894 - root - INFO - CF Training: Epoch 0033 Iter 0100 / 0314 | Time 0.1s | Iter Loss 0.0226 | Iter Mean Loss 0.0174
2024-12-09 00:27:21,816 - root - INFO - CF Training: Epoch 0033 Iter 0150 / 0314 | Time 0.1s | Iter Loss 0.0255 | Iter Mean Loss 0.0175
2024-12-09 00:27:25,036 - root - INFO - CF Training: Epoch 0033 Iter 0200 / 0314 | Time 0.1s | Iter Loss 0.0267 | Iter Mean Loss 0.0177
2024-12-09 00:27:28,291 - root - INFO - CF Training: Epoch 0033 Iter 0250 / 0314 | Time 0.1s | Iter Loss 0.0257 | Iter Mean Loss 0.0177
2024-12-09 00:27:32,395 - root - INFO - CF Training: Epoch 0033 Iter 0300 / 0314 | Time 0.1s | Iter Loss 0.0117 | Iter Mean Loss 0.0177
2024-12-09 00:27:33,774 - root - INFO - CF Training: Epoch 0033 Total Iter 0314 | Total Time 22.9s | Iter Mean Loss 0.0176
2024-12-09 00:27:37,457 - root - INFO - CF Training: Epoch 0034 Iter 0050 / 0314 | Time 0.1s | Iter Loss 0.0166 | Iter Mean Loss 0.0165
2024-12-09 00:27:40,704 - root - INFO - CF Training: Epoch 0034 Iter 0100 / 0314 | Time 0.1s | Iter Loss 0.0118 | Iter Mean Loss 0.0176
2024-12-09 00:27:43,988 - root - INFO - CF Training: Epoch 0034 Iter 0150 / 0314 | Time 0.1s | Iter Loss 0.0188 | Iter Mean Loss 0.0177
2024-12-09 00:27:48,449 - root - INFO - CF Training: Epoch 0034 Iter 0200 / 0314 | Time 0.1s | Iter Loss 0.0125 | Iter Mean Loss 0.0178
2024-12-09 00:27:52,180 - root - INFO - CF Training: Epoch 0034 Iter 0250 / 0314 | Time 0.1s | Iter Loss 0.0148 | Iter Mean Loss 0.0176
2024-12-09 00:27:55,428 - root - INFO - CF Training: Epoch 0034 Iter 0300 / 0314 | Time 0.1s | Iter Loss 0.0269 | Iter Mean Loss 0.0178
2024-12-09 00:27:56,345 - root - INFO - CF Training: Epoch 0034 Total Iter 0314 | Total Time 22.6s | Iter Mean Loss 0.0178
2024-12-09 00:27:59,582 - root - INFO - CF Training: Epoch 0035 Iter 0050 / 0314 | Time 0.1s | Iter Loss 0.0226 | Iter Mean Loss 0.0174
2024-12-09 00:28:04,369 - root - INFO - CF Training: Epoch 0035 Iter 0100 / 0314 | Time 0.1s | Iter Loss 0.0118 | Iter Mean Loss 0.0174
2024-12-09 00:28:07,780 - root - INFO - CF Training: Epoch 0035 Iter 0150 / 0314 | Time 0.1s | Iter Loss 0.0228 | Iter Mean Loss 0.0176
2024-12-09 00:28:11,070 - root - INFO - CF Training: Epoch 0035 Iter 0200 / 0314 | Time 0.1s | Iter Loss 0.0264 | Iter Mean Loss 0.0175
2024-12-09 00:28:14,327 - root - INFO - CF Training: Epoch 0035 Iter 0250 / 0314 | Time 0.1s | Iter Loss 0.0127 | Iter Mean Loss 0.0174
2024-12-09 00:28:19,007 - root - INFO - CF Training: Epoch 0035 Iter 0300 / 0314 | Time 0.1s | Iter Loss 0.0134 | Iter Mean Loss 0.0175
2024-12-09 00:28:20,104 - root - INFO - CF Training: Epoch 0035 Total Iter 0314 | Total Time 23.8s | Iter Mean Loss 0.0175
2024-12-09 00:28:56,359 - root - INFO - CF Evaluation: Epoch 0035 | Total Time 36.3s | Precision [0.4138, 0.0898], Recall [0.4138, 0.8976], NDCG [0.4138, 0.6484]
2024-12-09 00:28:56,382 - root - INFO - Save model on epoch 0035!
2024-12-09 00:29:00,137 - root - INFO - CF Training: Epoch 0036 Iter 0050 / 0314 | Time 0.1s | Iter Loss 0.0074 | Iter Mean Loss 0.0173
2024-12-09 00:29:04,721 - root - INFO - CF Training: Epoch 0036 Iter 0100 / 0314 | Time 0.1s | Iter Loss 0.0180 | Iter Mean Loss 0.0178
2024-12-09 00:29:08,004 - root - INFO - CF Training: Epoch 0036 Iter 0150 / 0314 | Time 0.1s | Iter Loss 0.0121 | Iter Mean Loss 0.0180
2024-12-09 00:29:11,283 - root - INFO - CF Training: Epoch 0036 Iter 0200 / 0314 | Time 0.1s | Iter Loss 0.0386 | Iter Mean Loss 0.0179
2024-12-09 00:29:14,921 - root - INFO - CF Training: Epoch 0036 Iter 0250 / 0314 | Time 0.1s | Iter Loss 0.0219 | Iter Mean Loss 0.0176
2024-12-09 00:29:19,473 - root - INFO - CF Training: Epoch 0036 Iter 0300 / 0314 | Time 0.1s | Iter Loss 0.0123 | Iter Mean Loss 0.0175
2024-12-09 00:29:20,388 - root - INFO - CF Training: Epoch 0036 Total Iter 0314 | Total Time 24.0s | Iter Mean Loss 0.0174
2024-12-09 00:29:23,715 - root - INFO - CF Training: Epoch 0037 Iter 0050 / 0314 | Time 0.1s | Iter Loss 0.0240 | Iter Mean Loss 0.0159
2024-12-09 00:29:27,001 - root - INFO - CF Training: Epoch 0037 Iter 0100 / 0314 | Time 0.1s | Iter Loss 0.0143 | Iter Mean Loss 0.0162
2024-12-09 00:29:31,046 - root - INFO - CF Training: Epoch 0037 Iter 0150 / 0314 | Time 0.1s | Iter Loss 0.0117 | Iter Mean Loss 0.0165
2024-12-09 00:29:35,209 - root - INFO - CF Training: Epoch 0037 Iter 0200 / 0314 | Time 0.1s | Iter Loss 0.0218 | Iter Mean Loss 0.0165
2024-12-09 00:29:38,437 - root - INFO - CF Training: Epoch 0037 Iter 0250 / 0314 | Time 0.1s | Iter Loss 0.0208 | Iter Mean Loss 0.0164
2024-12-09 00:29:41,739 - root - INFO - CF Training: Epoch 0037 Iter 0300 / 0314 | Time 0.1s | Iter Loss 0.0174 | Iter Mean Loss 0.0163
2024-12-09 00:29:42,672 - root - INFO - CF Training: Epoch 0037 Total Iter 0314 | Total Time 22.3s | Iter Mean Loss 0.0163
2024-12-09 00:29:47,060 - root - INFO - CF Training: Epoch 0038 Iter 0050 / 0314 | Time 0.1s | Iter Loss 0.0123 | Iter Mean Loss 0.0166
2024-12-09 00:29:50,841 - root - INFO - CF Training: Epoch 0038 Iter 0100 / 0314 | Time 0.1s | Iter Loss 0.0194 | Iter Mean Loss 0.0161
2024-12-09 00:29:54,071 - root - INFO - CF Training: Epoch 0038 Iter 0150 / 0314 | Time 0.1s | Iter Loss 0.0079 | Iter Mean Loss 0.0167
2024-12-09 00:29:57,329 - root - INFO - CF Training: Epoch 0038 Iter 0200 / 0314 | Time 0.1s | Iter Loss 0.0120 | Iter Mean Loss 0.0164
2024-12-09 00:30:01,547 - root - INFO - CF Training: Epoch 0038 Iter 0250 / 0314 | Time 0.1s | Iter Loss 0.0106 | Iter Mean Loss 0.0161
2024-12-09 00:30:05,491 - root - INFO - CF Training: Epoch 0038 Iter 0300 / 0314 | Time 0.1s | Iter Loss 0.0184 | Iter Mean Loss 0.0161
2024-12-09 00:30:06,406 - root - INFO - CF Training: Epoch 0038 Total Iter 0314 | Total Time 23.7s | Iter Mean Loss 0.0161
2024-12-09 00:30:09,645 - root - INFO - CF Training: Epoch 0039 Iter 0050 / 0314 | Time 0.1s | Iter Loss 0.0123 | Iter Mean Loss 0.0161
2024-12-09 00:30:12,843 - root - INFO - CF Training: Epoch 0039 Iter 0100 / 0314 | Time 0.1s | Iter Loss 0.0119 | Iter Mean Loss 0.0160
2024-12-09 00:30:17,303 - root - INFO - CF Training: Epoch 0039 Iter 0150 / 0314 | Time 0.1s | Iter Loss 0.0056 | Iter Mean Loss 0.0160
2024-12-09 00:30:20,929 - root - INFO - CF Training: Epoch 0039 Iter 0200 / 0314 | Time 0.1s | Iter Loss 0.0127 | Iter Mean Loss 0.0162
2024-12-09 00:30:24,173 - root - INFO - CF Training: Epoch 0039 Iter 0250 / 0314 | Time 0.1s | Iter Loss 0.0115 | Iter Mean Loss 0.0163
2024-12-09 00:30:27,421 - root - INFO - CF Training: Epoch 0039 Iter 0300 / 0314 | Time 0.1s | Iter Loss 0.0128 | Iter Mean Loss 0.0160
2024-12-09 00:30:28,349 - root - INFO - CF Training: Epoch 0039 Total Iter 0314 | Total Time 21.9s | Iter Mean Loss 0.0160
2024-12-09 00:30:33,238 - root - INFO - CF Training: Epoch 0040 Iter 0050 / 0314 | Time 0.1s | Iter Loss 0.0273 | Iter Mean Loss 0.0164
2024-12-09 00:30:36,511 - root - INFO - CF Training: Epoch 0040 Iter 0100 / 0314 | Time 0.1s | Iter Loss 0.0087 | Iter Mean Loss 0.0167
2024-12-09 00:30:39,755 - root - INFO - CF Training: Epoch 0040 Iter 0150 / 0314 | Time 0.1s | Iter Loss 0.0207 | Iter Mean Loss 0.0169
2024-12-09 00:30:42,998 - root - INFO - CF Training: Epoch 0040 Iter 0200 / 0314 | Time 0.1s | Iter Loss 0.0175 | Iter Mean Loss 0.0167
2024-12-09 00:30:47,759 - root - INFO - CF Training: Epoch 0040 Iter 0250 / 0314 | Time 0.1s | Iter Loss 0.0133 | Iter Mean Loss 0.0166
2024-12-09 00:30:51,144 - root - INFO - CF Training: Epoch 0040 Iter 0300 / 0314 | Time 0.1s | Iter Loss 0.0175 | Iter Mean Loss 0.0165
2024-12-09 00:30:52,050 - root - INFO - CF Training: Epoch 0040 Total Iter 0314 | Total Time 23.7s | Iter Mean Loss 0.0165
2024-12-09 00:31:29,264 - root - INFO - CF Evaluation: Epoch 0040 | Total Time 37.2s | Precision [0.4279, 0.0902], Recall [0.4279, 0.9022], NDCG [0.4279, 0.6568]
2024-12-09 00:31:29,295 - root - INFO - Save model on epoch 0040!
2024-12-09 00:31:33,659 - root - INFO - CF Training: Epoch 0041 Iter 0050 / 0314 | Time 0.1s | Iter Loss 0.0194 | Iter Mean Loss 0.0167
2024-12-09 00:31:37,008 - root - INFO - CF Training: Epoch 0041 Iter 0100 / 0314 | Time 0.1s | Iter Loss 0.0073 | Iter Mean Loss 0.0164
2024-12-09 00:31:40,397 - root - INFO - CF Training: Epoch 0041 Iter 0150 / 0314 | Time 0.1s | Iter Loss 0.0136 | Iter Mean Loss 0.0163
2024-12-09 00:31:44,487 - root - INFO - CF Training: Epoch 0041 Iter 0200 / 0314 | Time 0.1s | Iter Loss 0.0268 | Iter Mean Loss 0.0161
2024-12-09 00:31:48,792 - root - INFO - CF Training: Epoch 0041 Iter 0250 / 0314 | Time 0.1s | Iter Loss 0.0106 | Iter Mean Loss 0.0161
2024-12-09 00:31:52,149 - root - INFO - CF Training: Epoch 0041 Iter 0300 / 0314 | Time 0.1s | Iter Loss 0.0135 | Iter Mean Loss 0.0159
2024-12-09 00:31:53,099 - root - INFO - CF Training: Epoch 0041 Total Iter 0314 | Total Time 23.8s | Iter Mean Loss 0.0158
2024-12-09 00:31:56,454 - root - INFO - CF Training: Epoch 0042 Iter 0050 / 0314 | Time 0.1s | Iter Loss 0.0138 | Iter Mean Loss 0.0165
2024-12-09 00:32:01,149 - root - INFO - CF Training: Epoch 0042 Iter 0100 / 0314 | Time 0.1s | Iter Loss 0.0086 | Iter Mean Loss 0.0160
2024-12-09 00:32:04,836 - root - INFO - CF Training: Epoch 0042 Iter 0150 / 0314 | Time 0.1s | Iter Loss 0.0145 | Iter Mean Loss 0.0156
2024-12-09 00:32:08,180 - root - INFO - CF Training: Epoch 0042 Iter 0200 / 0314 | Time 0.1s | Iter Loss 0.0175 | Iter Mean Loss 0.0156
2024-12-09 00:32:11,524 - root - INFO - CF Training: Epoch 0042 Iter 0250 / 0314 | Time 0.1s | Iter Loss 0.0227 | Iter Mean Loss 0.0156
2024-12-09 00:32:16,138 - root - INFO - CF Training: Epoch 0042 Iter 0300 / 0314 | Time 0.1s | Iter Loss 0.0107 | Iter Mean Loss 0.0156
2024-12-09 00:32:17,405 - root - INFO - CF Training: Epoch 0042 Total Iter 0314 | Total Time 24.3s | Iter Mean Loss 0.0156
2024-12-09 00:32:20,788 - root - INFO - CF Training: Epoch 0043 Iter 0050 / 0314 | Time 0.1s | Iter Loss 0.0178 | Iter Mean Loss 0.0168
2024-12-09 00:32:24,188 - root - INFO - CF Training: Epoch 0043 Iter 0100 / 0314 | Time 0.1s | Iter Loss 0.0116 | Iter Mean Loss 0.0162
2024-12-09 00:32:27,731 - root - INFO - CF Training: Epoch 0043 Iter 0150 / 0314 | Time 0.1s | Iter Loss 0.0053 | Iter Mean Loss 0.0158
2024-12-09 00:32:32,547 - root - INFO - CF Training: Epoch 0043 Iter 0200 / 0314 | Time 0.1s | Iter Loss 0.0215 | Iter Mean Loss 0.0157
2024-12-09 00:32:35,912 - root - INFO - CF Training: Epoch 0043 Iter 0250 / 0314 | Time 0.1s | Iter Loss 0.0163 | Iter Mean Loss 0.0154
2024-12-09 00:32:39,264 - root - INFO - CF Training: Epoch 0043 Iter 0300 / 0314 | Time 0.1s | Iter Loss 0.0184 | Iter Mean Loss 0.0154
2024-12-09 00:32:40,235 - root - INFO - CF Training: Epoch 0043 Total Iter 0314 | Total Time 22.8s | Iter Mean Loss 0.0154
2024-12-09 00:32:44,350 - root - INFO - CF Training: Epoch 0044 Iter 0050 / 0314 | Time 0.1s | Iter Loss 0.0184 | Iter Mean Loss 0.0160
2024-12-09 00:32:48,671 - root - INFO - CF Training: Epoch 0044 Iter 0100 / 0314 | Time 0.1s | Iter Loss 0.0089 | Iter Mean Loss 0.0154
2024-12-09 00:32:52,123 - root - INFO - CF Training: Epoch 0044 Iter 0150 / 0314 | Time 0.1s | Iter Loss 0.0245 | Iter Mean Loss 0.0151
2024-12-09 00:32:55,481 - root - INFO - CF Training: Epoch 0044 Iter 0200 / 0314 | Time 0.1s | Iter Loss 0.0230 | Iter Mean Loss 0.0150
2024-12-09 00:32:59,726 - root - INFO - CF Training: Epoch 0044 Iter 0250 / 0314 | Time 0.1s | Iter Loss 0.0124 | Iter Mean Loss 0.0151
2024-12-09 00:33:03,917 - root - INFO - CF Training: Epoch 0044 Iter 0300 / 0314 | Time 0.1s | Iter Loss 0.0091 | Iter Mean Loss 0.0149
2024-12-09 00:33:04,874 - root - INFO - CF Training: Epoch 0044 Total Iter 0314 | Total Time 24.6s | Iter Mean Loss 0.0150
2024-12-09 00:33:08,283 - root - INFO - CF Training: Epoch 0045 Iter 0050 / 0314 | Time 0.1s | Iter Loss 0.0192 | Iter Mean Loss 0.0156
2024-12-09 00:33:11,688 - root - INFO - CF Training: Epoch 0045 Iter 0100 / 0314 | Time 0.1s | Iter Loss 0.0141 | Iter Mean Loss 0.0148
2024-12-09 00:33:16,626 - root - INFO - CF Training: Epoch 0045 Iter 0150 / 0314 | Time 0.1s | Iter Loss 0.0167 | Iter Mean Loss 0.0150
2024-12-09 00:33:20,094 - root - INFO - CF Training: Epoch 0045 Iter 0200 / 0314 | Time 0.1s | Iter Loss 0.0092 | Iter Mean Loss 0.0148
2024-12-09 00:33:23,469 - root - INFO - CF Training: Epoch 0045 Iter 0250 / 0314 | Time 0.1s | Iter Loss 0.0114 | Iter Mean Loss 0.0148
2024-12-09 00:33:26,835 - root - INFO - CF Training: Epoch 0045 Iter 0300 / 0314 | Time 0.1s | Iter Loss 0.0158 | Iter Mean Loss 0.0145
2024-12-09 00:33:28,293 - root - INFO - CF Training: Epoch 0045 Total Iter 0314 | Total Time 23.4s | Iter Mean Loss 0.0147
2024-12-09 00:34:05,992 - root - INFO - CF Evaluation: Epoch 0045 | Total Time 37.7s | Precision [0.4199, 0.0895], Recall [0.4199, 0.8946], NDCG [0.4199, 0.6487]
2024-12-09 00:34:09,359 - root - INFO - CF Training: Epoch 0046 Iter 0050 / 0314 | Time 0.1s | Iter Loss 0.0203 | Iter Mean Loss 0.0147
2024-12-09 00:34:13,525 - root - INFO - CF Training: Epoch 0046 Iter 0100 / 0314 | Time 0.1s | Iter Loss 0.0184 | Iter Mean Loss 0.0149
2024-12-09 00:34:17,750 - root - INFO - CF Training: Epoch 0046 Iter 0150 / 0314 | Time 0.1s | Iter Loss 0.0089 | Iter Mean Loss 0.0149
2024-12-09 00:34:21,188 - root - INFO - CF Training: Epoch 0046 Iter 0200 / 0314 | Time 0.1s | Iter Loss 0.0160 | Iter Mean Loss 0.0151
2024-12-09 00:34:24,610 - root - INFO - CF Training: Epoch 0046 Iter 0250 / 0314 | Time 0.1s | Iter Loss 0.0133 | Iter Mean Loss 0.0151
2024-12-09 00:34:29,002 - root - INFO - CF Training: Epoch 0046 Iter 0300 / 0314 | Time 0.1s | Iter Loss 0.0110 | Iter Mean Loss 0.0152
2024-12-09 00:34:30,471 - root - INFO - CF Training: Epoch 0046 Total Iter 0314 | Total Time 24.5s | Iter Mean Loss 0.0153
2024-12-09 00:34:34,145 - root - INFO - CF Training: Epoch 0047 Iter 0050 / 0314 | Time 0.1s | Iter Loss 0.0137 | Iter Mean Loss 0.0145
2024-12-09 00:34:37,531 - root - INFO - CF Training: Epoch 0047 Iter 0100 / 0314 | Time 0.1s | Iter Loss 0.0196 | Iter Mean Loss 0.0150
2024-12-09 00:34:40,968 - root - INFO - CF Training: Epoch 0047 Iter 0150 / 0314 | Time 0.1s | Iter Loss 0.0095 | Iter Mean Loss 0.0150
2024-12-09 00:34:45,991 - root - INFO - CF Training: Epoch 0047 Iter 0200 / 0314 | Time 0.1s | Iter Loss 0.0084 | Iter Mean Loss 0.0149
2024-12-09 00:34:49,383 - root - INFO - CF Training: Epoch 0047 Iter 0250 / 0314 | Time 0.1s | Iter Loss 0.0206 | Iter Mean Loss 0.0151
2024-12-09 00:34:52,815 - root - INFO - CF Training: Epoch 0047 Iter 0300 / 0314 | Time 0.1s | Iter Loss 0.0089 | Iter Mean Loss 0.0150
2024-12-09 00:34:53,772 - root - INFO - CF Training: Epoch 0047 Total Iter 0314 | Total Time 23.3s | Iter Mean Loss 0.0150
2024-12-09 00:34:57,794 - root - INFO - CF Training: Epoch 0048 Iter 0050 / 0314 | Time 0.1s | Iter Loss 0.0090 | Iter Mean Loss 0.0144
2024-12-09 00:35:02,250 - root - INFO - CF Training: Epoch 0048 Iter 0100 / 0314 | Time 0.1s | Iter Loss 0.0235 | Iter Mean Loss 0.0144
2024-12-09 00:35:05,680 - root - INFO - CF Training: Epoch 0048 Iter 0150 / 0314 | Time 0.1s | Iter Loss 0.0280 | Iter Mean Loss 0.0143
2024-12-09 00:35:09,042 - root - INFO - CF Training: Epoch 0048 Iter 0200 / 0314 | Time 0.1s | Iter Loss 0.0102 | Iter Mean Loss 0.0143
2024-12-09 00:35:13,065 - root - INFO - CF Training: Epoch 0048 Iter 0250 / 0314 | Time 0.1s | Iter Loss 0.0181 | Iter Mean Loss 0.0144
2024-12-09 00:35:17,396 - root - INFO - CF Training: Epoch 0048 Iter 0300 / 0314 | Time 0.1s | Iter Loss 0.0092 | Iter Mean Loss 0.0144
2024-12-09 00:35:18,353 - root - INFO - CF Training: Epoch 0048 Total Iter 0314 | Total Time 24.6s | Iter Mean Loss 0.0145
2024-12-09 00:35:21,708 - root - INFO - CF Training: Epoch 0049 Iter 0050 / 0314 | Time 0.1s | Iter Loss 0.0184 | Iter Mean Loss 0.0148
2024-12-09 00:35:25,116 - root - INFO - CF Training: Epoch 0049 Iter 0100 / 0314 | Time 0.1s | Iter Loss 0.0142 | Iter Mean Loss 0.0143
2024-12-09 00:35:29,730 - root - INFO - CF Training: Epoch 0049 Iter 0150 / 0314 | Time 0.1s | Iter Loss 0.0218 | Iter Mean Loss 0.0141
2024-12-09 00:35:33,565 - root - INFO - CF Training: Epoch 0049 Iter 0200 / 0314 | Time 0.1s | Iter Loss 0.0067 | Iter Mean Loss 0.0141
2024-12-09 00:35:36,918 - root - INFO - CF Training: Epoch 0049 Iter 0250 / 0314 | Time 0.1s | Iter Loss 0.0209 | Iter Mean Loss 0.0143
2024-12-09 00:35:40,299 - root - INFO - CF Training: Epoch 0049 Iter 0300 / 0314 | Time 0.1s | Iter Loss 0.0141 | Iter Mean Loss 0.0143
2024-12-09 00:35:41,432 - root - INFO - CF Training: Epoch 0049 Total Iter 0314 | Total Time 23.1s | Iter Mean Loss 0.0144
2024-12-09 00:35:46,245 - root - INFO - CF Training: Epoch 0050 Iter 0050 / 0314 | Time 0.1s | Iter Loss 0.0062 | Iter Mean Loss 0.0142
2024-12-09 00:35:49,586 - root - INFO - CF Training: Epoch 0050 Iter 0100 / 0314 | Time 0.1s | Iter Loss 0.0110 | Iter Mean Loss 0.0137
2024-12-09 00:35:52,944 - root - INFO - CF Training: Epoch 0050 Iter 0150 / 0314 | Time 0.1s | Iter Loss 0.0093 | Iter Mean Loss 0.0139
2024-12-09 00:35:56,566 - root - INFO - CF Training: Epoch 0050 Iter 0200 / 0314 | Time 0.1s | Iter Loss 0.0102 | Iter Mean Loss 0.0140
2024-12-09 00:36:01,355 - root - INFO - CF Training: Epoch 0050 Iter 0250 / 0314 | Time 0.1s | Iter Loss 0.0202 | Iter Mean Loss 0.0140
2024-12-09 00:36:04,800 - root - INFO - CF Training: Epoch 0050 Iter 0300 / 0314 | Time 0.1s | Iter Loss 0.0094 | Iter Mean Loss 0.0139
2024-12-09 00:36:05,765 - root - INFO - CF Training: Epoch 0050 Total Iter 0314 | Total Time 24.3s | Iter Mean Loss 0.0140
2024-12-09 00:36:43,583 - root - INFO - CF Evaluation: Epoch 0050 | Total Time 37.8s | Precision [0.4255, 0.0906], Recall [0.4255, 0.9061], NDCG [0.4255, 0.6590]
2024-12-09 00:36:43,615 - root - INFO - Save model on epoch 0050!
2024-12-09 00:36:43,641 - root - INFO - Best CF Evaluation: Epoch 0050 | Precision [0.4255, 0.0906], Recall [0.4255, 0.9061], NDCG [0.4255, 0.6590]
