2024-12-09 00:58:59,777 - root - INFO - Namespace(seed=2019, data_name='KGAT_data', data_dir='./', use_pretrain=0, pretrain_embedding_dir='datasets/pretrain/', pretrain_model_path='trained_model/model.pth', embed_dim=64, l2loss_lambda=1e-05, train_batch_size=1024, test_batch_size=10000, lr=0.0001, n_epoch=50, stopping_steps=10, print_every=1000, evaluate_every=10, Ks='[1, 5, 10]', save_dir='trained_model/BPRMF/KGAT_data/embed-dim64_lr0.0001_pretrain0/')
2024-12-09 00:59:02,680 - root - INFO - n_users:     8273
2024-12-09 00:59:02,681 - root - INFO - n_items:     421
2024-12-09 00:59:02,681 - root - INFO - n_cf_train:  321407
2024-12-09 00:59:02,681 - root - INFO - n_cf_test:   8273
2024-12-09 00:59:02,748 - root - INFO - BPRMF(
  (user_embed): Embedding(8273, 64)
  (item_embed): Embedding(421, 64)
)
2024-12-09 00:59:20,936 - root - INFO - CF Training: Epoch 0001 Total Iter 0314 | Total Time 12.9s | Iter Mean Loss 0.6928
2024-12-09 00:59:33,585 - root - INFO - CF Training: Epoch 0002 Total Iter 0314 | Total Time 12.6s | Iter Mean Loss 0.6917
2024-12-09 00:59:45,313 - root - INFO - CF Training: Epoch 0003 Total Iter 0314 | Total Time 11.7s | Iter Mean Loss 0.6878
2024-12-09 00:59:57,579 - root - INFO - CF Training: Epoch 0004 Total Iter 0314 | Total Time 12.3s | Iter Mean Loss 0.6752
2024-12-09 01:00:10,533 - root - INFO - CF Training: Epoch 0005 Total Iter 0314 | Total Time 13.0s | Iter Mean Loss 0.6449
2024-12-09 01:00:23,367 - root - INFO - CF Training: Epoch 0006 Total Iter 0314 | Total Time 12.8s | Iter Mean Loss 0.5917
2024-12-09 01:00:36,220 - root - INFO - CF Training: Epoch 0007 Total Iter 0314 | Total Time 12.9s | Iter Mean Loss 0.5234
2024-12-09 01:00:49,059 - root - INFO - CF Training: Epoch 0008 Total Iter 0314 | Total Time 12.8s | Iter Mean Loss 0.4546
2024-12-09 01:01:01,797 - root - INFO - CF Training: Epoch 0009 Total Iter 0314 | Total Time 12.7s | Iter Mean Loss 0.3959
2024-12-09 01:01:13,611 - root - INFO - CF Training: Epoch 0010 Total Iter 0314 | Total Time 11.8s | Iter Mean Loss 0.3489
2024-12-09 01:01:17,355 - root - INFO - CF Evaluation: Epoch 0010 | Total Time 3.7s | Precision [0.1047, 0.0149], Recall [0.1047, 0.1489], NDCG [0.1047, 0.1284]
2024-12-09 01:01:17,372 - root - INFO - Save model on epoch 0010!
2024-12-09 01:01:28,122 - root - INFO - CF Training: Epoch 0011 Total Iter 0314 | Total Time 10.7s | Iter Mean Loss 0.3135
2024-12-09 01:01:39,366 - root - INFO - CF Training: Epoch 0012 Total Iter 0314 | Total Time 11.2s | Iter Mean Loss 0.2867
2024-12-09 01:01:51,125 - root - INFO - CF Training: Epoch 0013 Total Iter 0314 | Total Time 11.8s | Iter Mean Loss 0.2663
2024-12-09 01:02:02,921 - root - INFO - CF Training: Epoch 0014 Total Iter 0314 | Total Time 11.8s | Iter Mean Loss 0.2502
2024-12-09 01:02:14,675 - root - INFO - CF Training: Epoch 0015 Total Iter 0314 | Total Time 11.8s | Iter Mean Loss 0.2387
2024-12-09 01:02:24,889 - root - INFO - CF Training: Epoch 0016 Total Iter 0314 | Total Time 10.2s | Iter Mean Loss 0.2274
2024-12-09 01:02:36,648 - root - INFO - CF Training: Epoch 0017 Total Iter 0314 | Total Time 11.8s | Iter Mean Loss 0.2195
2024-12-09 01:02:48,511 - root - INFO - CF Training: Epoch 0018 Total Iter 0314 | Total Time 11.9s | Iter Mean Loss 0.2118
2024-12-09 01:03:00,295 - root - INFO - CF Training: Epoch 0019 Total Iter 0314 | Total Time 11.8s | Iter Mean Loss 0.2053
2024-12-09 01:03:11,312 - root - INFO - CF Training: Epoch 0020 Total Iter 0314 | Total Time 11.0s | Iter Mean Loss 0.1985
2024-12-09 01:03:14,569 - root - INFO - CF Evaluation: Epoch 0020 | Total Time 3.3s | Precision [0.1187, 0.0258], Recall [0.1187, 0.2582], NDCG [0.1187, 0.1822]
2024-12-09 01:03:14,590 - root - INFO - Save model on epoch 0020!
2024-12-09 01:03:25,266 - root - INFO - CF Training: Epoch 0021 Total Iter 0314 | Total Time 10.7s | Iter Mean Loss 0.1912
2024-12-09 01:03:36,556 - root - INFO - CF Training: Epoch 0022 Total Iter 0314 | Total Time 11.3s | Iter Mean Loss 0.1880
2024-12-09 01:03:48,423 - root - INFO - CF Training: Epoch 0023 Total Iter 0314 | Total Time 11.9s | Iter Mean Loss 0.1842
2024-12-09 01:04:00,192 - root - INFO - CF Training: Epoch 0024 Total Iter 0314 | Total Time 11.8s | Iter Mean Loss 0.1775
2024-12-09 01:04:12,011 - root - INFO - CF Training: Epoch 0025 Total Iter 0314 | Total Time 11.8s | Iter Mean Loss 0.1726
2024-12-09 01:04:22,135 - root - INFO - CF Training: Epoch 0026 Total Iter 0314 | Total Time 10.1s | Iter Mean Loss 0.1671
2024-12-09 01:04:33,939 - root - INFO - CF Training: Epoch 0027 Total Iter 0314 | Total Time 11.8s | Iter Mean Loss 0.1616
2024-12-09 01:04:45,722 - root - INFO - CF Training: Epoch 0028 Total Iter 0314 | Total Time 11.8s | Iter Mean Loss 0.1581
2024-12-09 01:04:57,510 - root - INFO - CF Training: Epoch 0029 Total Iter 0314 | Total Time 11.8s | Iter Mean Loss 0.1529
2024-12-09 01:05:08,558 - root - INFO - CF Training: Epoch 0030 Total Iter 0314 | Total Time 11.0s | Iter Mean Loss 0.1486
2024-12-09 01:05:11,769 - root - INFO - CF Evaluation: Epoch 0030 | Total Time 3.2s | Precision [0.1484, 0.0336], Recall [0.1484, 0.3355], NDCG [0.1484, 0.2364]
2024-12-09 01:05:11,791 - root - INFO - Save model on epoch 0030!
2024-12-09 01:05:22,520 - root - INFO - CF Training: Epoch 0031 Total Iter 0314 | Total Time 10.7s | Iter Mean Loss 0.1441
2024-12-09 01:05:33,581 - root - INFO - CF Training: Epoch 0032 Total Iter 0314 | Total Time 11.1s | Iter Mean Loss 0.1405
2024-12-09 01:05:45,292 - root - INFO - CF Training: Epoch 0033 Total Iter 0314 | Total Time 11.7s | Iter Mean Loss 0.1343
2024-12-09 01:05:56,975 - root - INFO - CF Training: Epoch 0034 Total Iter 0314 | Total Time 11.7s | Iter Mean Loss 0.1320
2024-12-09 01:06:08,391 - root - INFO - CF Training: Epoch 0035 Total Iter 0314 | Total Time 11.4s | Iter Mean Loss 0.1269
2024-12-09 01:06:18,793 - root - INFO - CF Training: Epoch 0036 Total Iter 0314 | Total Time 10.4s | Iter Mean Loss 0.1228
2024-12-09 01:06:30,630 - root - INFO - CF Training: Epoch 0037 Total Iter 0314 | Total Time 11.8s | Iter Mean Loss 0.1191
2024-12-09 01:06:42,419 - root - INFO - CF Training: Epoch 0038 Total Iter 0314 | Total Time 11.8s | Iter Mean Loss 0.1145
2024-12-09 01:06:54,201 - root - INFO - CF Training: Epoch 0039 Total Iter 0314 | Total Time 11.8s | Iter Mean Loss 0.1104
2024-12-09 01:07:04,726 - root - INFO - CF Training: Epoch 0040 Total Iter 0314 | Total Time 10.5s | Iter Mean Loss 0.1070
2024-12-09 01:07:08,421 - root - INFO - CF Evaluation: Epoch 0040 | Total Time 3.7s | Precision [0.1756, 0.0419], Recall [0.1756, 0.4188], NDCG [0.1756, 0.2930]
2024-12-09 01:07:08,443 - root - INFO - Save model on epoch 0040!
2024-12-09 01:07:19,028 - root - INFO - CF Training: Epoch 0041 Total Iter 0314 | Total Time 10.6s | Iter Mean Loss 0.1035
2024-12-09 01:07:30,412 - root - INFO - CF Training: Epoch 0042 Total Iter 0314 | Total Time 11.4s | Iter Mean Loss 0.0987
2024-12-09 01:07:42,271 - root - INFO - CF Training: Epoch 0043 Total Iter 0314 | Total Time 11.9s | Iter Mean Loss 0.0956
2024-12-09 01:07:54,126 - root - INFO - CF Training: Epoch 0044 Total Iter 0314 | Total Time 11.9s | Iter Mean Loss 0.0919
2024-12-09 01:08:05,358 - root - INFO - CF Training: Epoch 0045 Total Iter 0314 | Total Time 11.2s | Iter Mean Loss 0.0885
2024-12-09 01:08:15,939 - root - INFO - CF Training: Epoch 0046 Total Iter 0314 | Total Time 10.6s | Iter Mean Loss 0.0864
2024-12-09 01:08:27,836 - root - INFO - CF Training: Epoch 0047 Total Iter 0314 | Total Time 11.9s | Iter Mean Loss 0.0829
2024-12-09 01:08:39,717 - root - INFO - CF Training: Epoch 0048 Total Iter 0314 | Total Time 11.9s | Iter Mean Loss 0.0796
2024-12-09 01:08:51,586 - root - INFO - CF Training: Epoch 0049 Total Iter 0314 | Total Time 11.9s | Iter Mean Loss 0.0770
2024-12-09 01:09:02,245 - root - INFO - CF Training: Epoch 0050 Total Iter 0314 | Total Time 10.7s | Iter Mean Loss 0.0736
2024-12-09 01:09:05,831 - root - INFO - CF Evaluation: Epoch 0050 | Total Time 3.6s | Precision [0.2205, 0.0514], Recall [0.2205, 0.5140], NDCG [0.2205, 0.3656]
2024-12-09 01:09:05,854 - root - INFO - Save model on epoch 0050!
2024-12-09 01:09:05,893 - root - INFO - Best CF Evaluation: Epoch 0050 | Precision [0.2205, 0.0514], Recall [0.2205, 0.5140], NDCG [0.2205, 0.3656]
